Archive member included to satisfy reference by file (symbol)

f:/iti_embedded/arm/imt_sdk_win_64/winarm/armgcc/bin/../lib/gcc/arm-none-eabi/7.2.1/../../../../arm-none-eabi/lib/thumb/v7e-m/fpv4-sp/hard\libg_nano.a(lib_a-errno.o)
                              ./system/src/newlib/_sbrk.o (__errno)
f:/iti_embedded/arm/imt_sdk_win_64/winarm/armgcc/bin/../lib/gcc/arm-none-eabi/7.2.1/../../../../arm-none-eabi/lib/thumb/v7e-m/fpv4-sp/hard\libg_nano.a(lib_a-impure.o)
                              f:/iti_embedded/arm/imt_sdk_win_64/winarm/armgcc/bin/../lib/gcc/arm-none-eabi/7.2.1/../../../../arm-none-eabi/lib/thumb/v7e-m/fpv4-sp/hard\libg_nano.a(lib_a-errno.o) (_impure_ptr)
f:/iti_embedded/arm/imt_sdk_win_64/winarm/armgcc/bin/../lib/gcc/arm-none-eabi/7.2.1/../../../../arm-none-eabi/lib/thumb/v7e-m/fpv4-sp/hard\libg_nano.a(lib_a-memcpy-stub.o)
                              ./FreeRTOS/queue.o (memcpy)
f:/iti_embedded/arm/imt_sdk_win_64/winarm/armgcc/bin/../lib/gcc/arm-none-eabi/7.2.1/../../../../arm-none-eabi/lib/thumb/v7e-m/fpv4-sp/hard\libg_nano.a(lib_a-memset.o)
                              ./FreeRTOS/stream_buffer.o (memset)
f:/iti_embedded/arm/imt_sdk_win_64/winarm/armgcc/bin/../lib/gcc/arm-none-eabi/7.2.1/../../../../arm-none-eabi/lib/thumb/v7e-m/fpv4-sp/hard\libg_nano.a(lib_a-strlen.o)
                              ./system/src/diag/Trace.o (strlen)
f:/iti_embedded/arm/imt_sdk_win_64/winarm/armgcc/bin/../lib/gcc/arm-none-eabi/7.2.1/../../../../arm-none-eabi/lib/thumb/v7e-m/fpv4-sp/hard\libg_nano.a(lib_a-vsnprintf.o)
                              ./system/src/diag/Trace.o (vsnprintf)
f:/iti_embedded/arm/imt_sdk_win_64/winarm/armgcc/bin/../lib/gcc/arm-none-eabi/7.2.1/../../../../arm-none-eabi/lib/thumb/v7e-m/fpv4-sp/hard\libg_nano.a(lib_a-nano-svfprintf.o)
                              f:/iti_embedded/arm/imt_sdk_win_64/winarm/armgcc/bin/../lib/gcc/arm-none-eabi/7.2.1/../../../../arm-none-eabi/lib/thumb/v7e-m/fpv4-sp/hard\libg_nano.a(lib_a-vsnprintf.o) (_svfprintf_r)
f:/iti_embedded/arm/imt_sdk_win_64/winarm/armgcc/bin/../lib/gcc/arm-none-eabi/7.2.1/../../../../arm-none-eabi/lib/thumb/v7e-m/fpv4-sp/hard\libg_nano.a(lib_a-nano-vfprintf_i.o)
                              f:/iti_embedded/arm/imt_sdk_win_64/winarm/armgcc/bin/../lib/gcc/arm-none-eabi/7.2.1/../../../../arm-none-eabi/lib/thumb/v7e-m/fpv4-sp/hard\libg_nano.a(lib_a-nano-svfprintf.o) (_printf_i)
f:/iti_embedded/arm/imt_sdk_win_64/winarm/armgcc/bin/../lib/gcc/arm-none-eabi/7.2.1/../../../../arm-none-eabi/lib/thumb/v7e-m/fpv4-sp/hard\libg_nano.a(lib_a-memchr.o)
                              f:/iti_embedded/arm/imt_sdk_win_64/winarm/armgcc/bin/../lib/gcc/arm-none-eabi/7.2.1/../../../../arm-none-eabi/lib/thumb/v7e-m/fpv4-sp/hard\libg_nano.a(lib_a-nano-svfprintf.o) (memchr)
f:/iti_embedded/arm/imt_sdk_win_64/winarm/armgcc/bin/../lib/gcc/arm-none-eabi/7.2.1/../../../../arm-none-eabi/lib/thumb/v7e-m/fpv4-sp/hard\libg_nano.a(lib_a-memmove.o)
                              f:/iti_embedded/arm/imt_sdk_win_64/winarm/armgcc/bin/../lib/gcc/arm-none-eabi/7.2.1/../../../../arm-none-eabi/lib/thumb/v7e-m/fpv4-sp/hard\libg_nano.a(lib_a-nano-svfprintf.o) (memmove)
f:/iti_embedded/arm/imt_sdk_win_64/winarm/armgcc/bin/../lib/gcc/arm-none-eabi/7.2.1/../../../../arm-none-eabi/lib/thumb/v7e-m/fpv4-sp/hard\libg_nano.a(lib_a-nano-freer.o)
                              f:/iti_embedded/arm/imt_sdk_win_64/winarm/armgcc/bin/../lib/gcc/arm-none-eabi/7.2.1/../../../../arm-none-eabi/lib/thumb/v7e-m/fpv4-sp/hard\libg_nano.a(lib_a-nano-svfprintf.o) (_free_r)
f:/iti_embedded/arm/imt_sdk_win_64/winarm/armgcc/bin/../lib/gcc/arm-none-eabi/7.2.1/../../../../arm-none-eabi/lib/thumb/v7e-m/fpv4-sp/hard\libg_nano.a(lib_a-nano-mallocr.o)
                              f:/iti_embedded/arm/imt_sdk_win_64/winarm/armgcc/bin/../lib/gcc/arm-none-eabi/7.2.1/../../../../arm-none-eabi/lib/thumb/v7e-m/fpv4-sp/hard\libg_nano.a(lib_a-nano-svfprintf.o) (_malloc_r)
f:/iti_embedded/arm/imt_sdk_win_64/winarm/armgcc/bin/../lib/gcc/arm-none-eabi/7.2.1/../../../../arm-none-eabi/lib/thumb/v7e-m/fpv4-sp/hard\libg_nano.a(lib_a-nano-reallocr.o)
                              f:/iti_embedded/arm/imt_sdk_win_64/winarm/armgcc/bin/../lib/gcc/arm-none-eabi/7.2.1/../../../../arm-none-eabi/lib/thumb/v7e-m/fpv4-sp/hard\libg_nano.a(lib_a-nano-svfprintf.o) (_realloc_r)
f:/iti_embedded/arm/imt_sdk_win_64/winarm/armgcc/bin/../lib/gcc/arm-none-eabi/7.2.1/../../../../arm-none-eabi/lib/thumb/v7e-m/fpv4-sp/hard\libg_nano.a(lib_a-sbrkr.o)
                              f:/iti_embedded/arm/imt_sdk_win_64/winarm/armgcc/bin/../lib/gcc/arm-none-eabi/7.2.1/../../../../arm-none-eabi/lib/thumb/v7e-m/fpv4-sp/hard\libg_nano.a(lib_a-nano-mallocr.o) (_sbrk_r)
f:/iti_embedded/arm/imt_sdk_win_64/winarm/armgcc/bin/../lib/gcc/arm-none-eabi/7.2.1/../../../../arm-none-eabi/lib/thumb/v7e-m/fpv4-sp/hard\libg_nano.a(lib_a-mlock.o)
[...]
Memory Configuration

Name             Origin             Length             Attributes
RAM              0x20000000         0x00010000         xrw
CCMRAM           0x10000000         0x00000000         xrw
FLASH            0x08000000         0x00040000         xr
FLASHB1          0x00000000         0x00000000         xr
EXTMEMB0         0x00000000         0x00000000         xr
EXTMEMB1         0x00000000         0x00000000         xr
EXTMEMB2         0x00000000         0x00000000         xr
EXTMEMB3         0x00000000         0x00000000         xr
*default*        0x00000000         0xffffffff

Linker script and memory map

LOAD ./system/src/stm32f4-hal/stm32f4xx_hal.o
LOAD ./system/src/stm32f4-hal/stm32f4xx_hal_cortex.o
LOAD ./system/src/stm32f4-hal/stm32f4xx_hal_dfsdm.o
LOAD ./system/src/stm32f4-hal/stm32f4xx_hal_flash.o
LOAD ./system/src/stm32f4-hal/stm32f4xx_hal_gpio.o
LOAD ./system/src/stm32f4-hal/stm32f4xx_hal_iwdg.o
LOAD ./system/src/stm32f4-hal/stm32f4xx_hal_pwr.o
LOAD ./system/src/stm32f4-hal/stm32f4xx_hal_rcc.o
LOAD ./system/src/newlib/_cxx.o
LOAD ./system/src/newlib/_exit.o
LOAD ./system/src/newlib/_sbrk.o
LOAD ./system/src/newlib/_startup.o
LOAD ./system/src/newlib/_syscalls.o
LOAD ./system/src/newlib/assert.o
LOAD ./system/src/diag/Trace.o
LOAD ./system/src/diag/trace_impl.o
LOAD ./system/src/cortexm/_initialize_hardware.o
LOAD ./system/src/cortexm/_reset_hardware.o
LOAD ./system/src/cortexm/exception_handlers.o
LOAD ./system/src/cmsis/system_stm32f4xx.o
LOAD ./system/src/cmsis/vectors_stm32f401xc.o
LOAD ./src/MGPIO_Program.o
LOAD ./src/MRCC_Program.o
LOAD ./src/_initialize_hardware.o
LOAD ./src/_write.o
LOAD ./src/main.o
LOAD ./src/stm32f4xx_hal_msp.o
LOAD ./FreeRTOS/portable/MemMang/heap_4.o
LOAD ./FreeRTOS/portable/GCC/ARM_CM4F/port.o
LOAD ./FreeRTOS/croutine.o
LOAD ./FreeRTOS/event_groups.o
LOAD ./FreeRTOS/list.o
LOAD ./FreeRTOS/queue.o
LOAD ./FreeRTOS/stream_buffer.o
LOAD ./FreeRTOS/tasks.o
LOAD ./FreeRTOS/timers.o
LOAD f:/iti_embedded/arm/imt_sdk_win_64/winarm/armgcc/bin/../lib/gcc/arm-none-eabi/7.2.1/../../../../arm-none-eabi/lib/thumb/v7e-m/fpv4-sp/hard\libstdc++_nano.a
LOAD f:/iti_embedded/arm/imt_sdk_win_64/winarm/armgcc/bin/../lib/gcc/arm-none-eabi/7.2.1/../../../../arm-none-eabi/lib/thumb/v7e-m/fpv4-sp/hard\libm.a
START GROUP
LOAD f:/iti_embedded/arm/imt_sdk_win_64/winarm/armgcc/bin/../lib/gcc/arm-none-eabi/7.2.1/thumb/v7e-m/fpv4-sp/hard\libgcc.a
LOAD f:/iti_embedded/arm/imt_sdk_win_64/winarm/armgcc/bin/../lib/gcc/arm-none-eabi/7.2.1/../../../../arm-none-eabi/lib/thumb/v7e-m/fpv4-sp/hard\libg_nano.a
LOAD f:/iti_embedded/arm/imt_sdk_win_64/winarm/armgcc/bin/../lib/gcc/arm-none-eabi/7.2.1/../../../../arm-none-eabi/lib/thumb/v7e-m/fpv4-sp/hard\libc_nano.a
END GROUP
START GROUP
LOAD f:/iti_embedded/arm/imt_sdk_win_64/winarm/armgcc/bin/../lib/gcc/arm-none-eabi/7.2.1/thumb/v7e-m/fpv4-sp/hard\libgcc.a
LOAD f:/iti_embedded/arm/imt_sdk_win_64/winarm/armgcc/bin/../lib/gcc/arm-none-eabi/7.2.1/../../../../arm-none-eabi/lib/thumb/v7e-m/fpv4-sp/hard\libc_nano.a
END GROUP
                0x20010000                __stack = (ORIGIN (RAM) + LENGTH (RAM))
                0x20010000                _estack = __stack
                0x00000400                __Main_Stack_Size = 0x400
                [!provide]                PROVIDE (_Main_Stack_Size, __Main_Stack_Size)
                0x2000fc00                __Main_Stack_Limit = (__stack - __Main_Stack_Size)
                [!provide]                PROVIDE (_Main_Stack_Limit, __Main_Stack_Limit)
                0x00000100                _Minimum_Stack_Size = 0x100
                0x20002254                PROVIDE (_Heap_Begin, _end_noinit)
                0x2000fc00                PROVIDE (_Heap_Limit, (__stack - __Main_Stack_Size))

.isr_vector     0x08000000      0x3f4
 FILL mask 0xff
                0x08000000                __vectors_start = ABSOLUTE (.)
                0x08000000                __vectors_start__ = ABSOLUTE (.)
 *(.isr_vector)
 .isr_vector    0x08000000      0x194 ./system/src/cmsis/vectors_stm32f401xc.o
                0x08000000                __isr_vectors
 *(.cfmconfig)
 *(.after_vectors .after_vectors.*)
 .after_vectors
                0x08000194      0x130 ./system/src/newlib/_startup.o
                0x08000194                _start
 .after_vectors
                0x080002c4      0x12c ./system/src/cortexm/exception_handlers.o
                0x080002c4                Reset_Handler
                0x080002ca                NMI_Handler
                0x080002ce                HardFault_Handler
                0x080002e2                HardFault_Handler_C
                0x08000340                MemManage_Handler
                0x08000344                BusFault_Handler
                0x08000358                BusFault_Handler_C
                0x0800038c                UsageFault_Handler
                0x080003a0                UsageFault_Handler_C
                0x080003d8                DebugMon_Handler
 .after_vectors
                0x080003f0        0x4 ./system/src/cmsis/vectors_stm32f401xc.o
                0x080003f0                RTC_Alarm_IRQHandler
                0x080003f0                EXTI2_IRQHandler
                0x080003f0                SPI4_IRQHandler
                0x080003f0                TIM1_CC_IRQHandler
                0x080003f0                DMA2_Stream5_IRQHandler
                0x080003f0                DMA1_Stream5_IRQHandler
                0x080003f0                PVD_IRQHandler
                0x080003f0                SDIO_IRQHandler
                0x080003f0                TAMP_STAMP_IRQHandler
                0x080003f0                EXTI3_IRQHandler
                0x080003f0                TIM1_UP_TIM10_IRQHandler
                0x080003f0                I2C3_ER_IRQHandler
                0x080003f0                EXTI0_IRQHandler
                0x080003f0                I2C2_EV_IRQHandler
                0x080003f0                DMA1_Stream2_IRQHandler
                0x080003f0                FPU_IRQHandler
                0x080003f0                DMA2_Stream2_IRQHandler
                0x080003f0                SPI1_IRQHandler
                0x080003f0                TIM1_BRK_TIM9_IRQHandler
                0x080003f0                DMA2_Stream3_IRQHandler
                0x080003f0                USART6_IRQHandler
                0x080003f0                DMA2_Stream0_IRQHandler
                0x080003f0                TIM4_IRQHandler
                0x080003f0                I2C1_EV_IRQHandler
                0x080003f0                DMA1_Stream6_IRQHandler
                0x080003f0                DMA1_Stream1_IRQHandler
                0x080003f0                TIM3_IRQHandler
                0x080003f0                RCC_IRQHandler
                0x080003f0                Default_Handler
                0x080003f0                EXTI15_10_IRQHandler
                0x080003f0                ADC_IRQHandler
                0x080003f0                DMA1_Stream7_IRQHandler
                0x080003f0                TIM5_IRQHandler
                0x080003f0                DMA2_Stream7_IRQHandler
                0x080003f0                I2C3_EV_IRQHandler
                0x080003f0                EXTI9_5_IRQHandler
                0x080003f0                RTC_WKUP_IRQHandler
                0x080003f0                SPI2_IRQHandler
                0x080003f0                DMA1_Stream0_IRQHandler
                0x080003f0                EXTI4_IRQHandler
                0x080003f0                WWDG_IRQHandler
                0x080003f0                TIM2_IRQHandler
                0x080003f0                OTG_FS_WKUP_IRQHandler
                0x080003f0                TIM1_TRG_COM_TIM11_IRQHandler
                0x080003f0                EXTI1_IRQHandler
                0x080003f0                USART2_IRQHandler
                0x080003f0                I2C2_ER_IRQHandler
                0x080003f0                DMA2_Stream1_IRQHandler
                0x080003f0                FLASH_IRQHandler
                0x080003f0                DMA2_Stream4_IRQHandler
                0x080003f0                USART1_IRQHandler
                0x080003f0                OTG_FS_IRQHandler
                0x080003f0                SPI3_IRQHandler
                0x080003f0                DMA1_Stream4_IRQHandler
                0x080003f0                I2C1_ER_IRQHandler
                0x080003f0                DMA2_Stream6_IRQHandler
                0x080003f0                DMA1_Stream3_IRQHandler

.inits          0x080003f4       0x28
                0x080003f4                __data_regions_array_start = .
                0x080003f4        0x4 LONG 0x80031d0 LOADADDR (.data)
                0x080003f8        0x4 LONG 0x20000000 ADDR (.data)
                0x080003fc        0x4 LONG 0x20000080 (ADDR (.data) + SIZEOF (.data))
                0x08000400        0x4 LONG 0x80031d0 LOADADDR (.data_CCMRAM)
                0x08000404        0x4 LONG 0x10000000 ADDR (.data_CCMRAM)
                0x08000408        0x4 LONG 0x10000000 (ADDR (.data_CCMRAM) + SIZEOF (.data_CCMRAM))
                0x0800040c                __data_regions_array_end = .
                0x0800040c                __bss_regions_array_start = .
                0x0800040c        0x4 LONG 0x20000080 ADDR (.bss)
                0x08000410        0x4 LONG 0x20002254 (ADDR (.bss) + SIZEOF (.bss))
                0x08000414        0x4 LONG 0x10000000 ADDR (.bss_CCMRAM)
                0x08000418        0x4 LONG 0x10000000 (ADDR (.bss_CCMRAM) + SIZEOF (.bss_CCMRAM))
                0x0800041c                __bss_regions_array_end = .
 *(.init)
 *(.fini)
                0x0800041c                . = ALIGN (0x4)
                0x0800041c                PROVIDE (__preinit_array_start, .)
 *(.preinit_array_sysinit .preinit_array_sysinit.*)
 *(.preinit_array_platform .preinit_array_platform.*)
 *(.preinit_array .preinit_array.*)
                0x0800041c                PROVIDE (__preinit_array_end, .)
                0x0800041c                . = ALIGN (0x4)
                0x0800041c                PROVIDE (__init_array_start, .)
 *(SORT_BY_NAME(.init_array.*))
 *(.init_array)
                0x0800041c                PROVIDE (__init_array_end, .)
                0x0800041c                . = ALIGN (0x4)
                0x0800041c                PROVIDE (__fini_array_start, .)
 *(SORT_BY_NAME(.fini_array.*))
 *(.fini_array)
                0x0800041c                PROVIDE (__fini_array_end, .)

.flashtext
 *(.flashtext .flashtext.*)

.text           0x08000420     0x2daf
 *(.text .text.*)
 .text.HAL_InitTick
                0x08000420       0x2c ./system/src/stm32f4-hal/stm32f4xx_hal.o
                0x08000420                HAL_InitTick
 .text.HAL_Init
                0x0800044c       0x34 ./system/src/stm32f4-hal/stm32f4xx_hal.o
                0x0800044c                HAL_Init
 .text.HAL_GetTick
                0x08000480        0xc ./system/src/stm32f4-hal/stm32f4xx_hal.o
                0x08000480                HAL_GetTick
 .text.HAL_NVIC_SetPriorityGrouping
                0x0800048c       0x3c ./system/src/stm32f4-hal/stm32f4xx_hal_cortex.o
                0x0800048c                HAL_NVIC_SetPriorityGrouping
 .text.HAL_NVIC_SetPriority
                0x080004c8       0x8c ./system/src/stm32f4-hal/stm32f4xx_hal_cortex.o
                0x080004c8                HAL_NVIC_SetPriority
 .text.HAL_SYSTICK_Config
                0x08000554       0x2c ./system/src/stm32f4-hal/stm32f4xx_hal_cortex.o
                0x08000554                HAL_SYSTICK_Config
 .text.HAL_SYSTICK_CLKSourceConfig
                0x08000580       0x3c ./system/src/stm32f4-hal/stm32f4xx_hal_cortex.o
                0x08000580                HAL_SYSTICK_CLKSourceConfig
 .text.HAL_RCC_OscConfig
                0x080005bc      0x43c ./system/src/stm32f4-hal/stm32f4xx_hal_rcc.o
                0x080005bc                HAL_RCC_OscConfig
 .text.HAL_RCC_GetSysClockFreq
                0x080009f8       0x94 ./system/src/stm32f4-hal/stm32f4xx_hal_rcc.o
                0x080009f8                HAL_RCC_GetSysClockFreq
 .text.HAL_RCC_ClockConfig
                0x08000a8c      0x258 ./system/src/stm32f4-hal/stm32f4xx_hal_rcc.o
                0x08000a8c                HAL_RCC_ClockConfig
 .text.HAL_RCC_GetHCLKFreq
                0x08000ce4        0xc ./system/src/stm32f4-hal/stm32f4xx_hal_rcc.o
                0x08000ce4                HAL_RCC_GetHCLKFreq
 .text._exit    0x08000cf0        0x2 ./system/src/newlib/_exit.o
                0x08000cf0                _exit
 *fill*         0x08000cf2        0x2 
 .text.abort    0x08000cf4       0x14 ./system/src/newlib/_exit.o
                0x08000cf4                abort
 .text._sbrk    0x08000d08       0x44 ./system/src/newlib/_sbrk.o
                0x08000d08                _sbrk
 .text.__initialize_args
                0x08000d4c       0x10 ./system/src/newlib/_syscalls.o
                0x08000d4c                __initialize_args
 .text.assert_failed
                0x08000d5c       0x14 ./system/src/newlib/assert.o
                0x08000d5c                assert_failed
 .text.trace_printf
                0x08000d70       0x30 ./system/src/diag/Trace.o
                0x08000d70                trace_printf
 .text.trace_puts
                0x08000da0       0x20 ./system/src/diag/Trace.o
                0x08000da0                trace_puts
 .text._trace_write_semihosting_debug
                0x08000dc0       0x60 ./system/src/diag/trace_impl.o
 .text.trace_write
                0x08000e20        0x8 ./system/src/diag/trace_impl.o
                0x08000e20                trace_write
 .text.__initialize_hardware_early
                0x08000e28       0x24 ./system/src/cortexm/_initialize_hardware.o
                0x08000e28                __initialize_hardware_early
 .text.dumpExceptionStack
                0x08000e4c       0xf4 ./system/src/cortexm/exception_handlers.o
                0x08000e4c                dumpExceptionStack
 .text.isSemihosting
                0x08000f40       0x20 ./system/src/cortexm/exception_handlers.o
                0x08000f40                isSemihosting
 .text.SystemInit
                0x08000f60       0x4c ./system/src/cmsis/system_stm32f4xx.o
                0x08000f60                SystemInit
 .text.SystemCoreClockUpdate
                0x08000fac       0xa0 ./system/src/cmsis/system_stm32f4xx.o
                0x08000fac                SystemCoreClockUpdate
 .text.MGPIO_SetMode
                0x0800104c       0x90 ./src/MGPIO_Program.o
                0x0800104c                MGPIO_SetMode
 .text.MGPIO_SetOutputPinMode
                0x080010dc       0xac ./src/MGPIO_Program.o
                0x080010dc                MGPIO_SetOutputPinMode
 .text.MGPIO_SetInputPinType
                0x08001188       0x74 ./src/MGPIO_Program.o
                0x08001188                MGPIO_SetInputPinType
 .text.MGPIO_readPin
                0x080011fc       0x48 ./src/MGPIO_Program.o
                0x080011fc                MGPIO_readPin
 .text.MGPIO_writePin
                0x08001244       0x8c ./src/MGPIO_Program.o
                0x08001244                MGPIO_writePin
 .text.MRCC_Init
                0x080012d0       0x24 ./src/MRCC_Program.o
                0x080012d0                MRCC_Init
 .text.MRCC_Enable_Peripheral
                0x080012f4       0x50 ./src/MRCC_Program.o
                0x080012f4                MRCC_Enable_Peripheral
 .text.SystemClock_Config
                0x08001344       0x98 ./src/_initialize_hardware.o
                0x08001344                SystemClock_Config
 .text.__initialize_hardware
                0x080013dc       0x10 ./src/_initialize_hardware.o
                0x080013dc                __initialize_hardware
 .text.vLedHanlder
                0x080013ec       0x40 ./src/main.o
                0x080013ec                vLedHanlder
 .text.vPushButtonHanlder
                0x0800142c       0x44 ./src/main.o
                0x0800142c                vPushButtonHanlder
 .text.main     0x08001470       0x9c ./src/main.o
                0x08001470                main
 .text.HAL_MspInit
                0x0800150c        0x2 ./src/stm32f4xx_hal_msp.o
                0x0800150c                HAL_MspInit
 *fill*         0x0800150e        0x2 
 .text.prvHeapInit
                0x08001510       0x64 ./FreeRTOS/portable/MemMang/heap_4.o
 .text.prvInsertBlockIntoFreeList
                0x08001574       0x58 ./FreeRTOS/portable/MemMang/heap_4.o
 .text.pvPortMalloc
                0x080015cc       0xe4 ./FreeRTOS/portable/MemMang/heap_4.o
                0x080015cc                pvPortMalloc
 .text.vPortFree
                0x080016b0       0x58 ./FreeRTOS/portable/MemMang/heap_4.o
                0x080016b0                vPortFree
 .text.prvTaskExitError
                0x08001708       0x20 ./FreeRTOS/portable/GCC/ARM_CM4F/port.o
 .text.prvPortStartFirstTask
                0x08001728       0x28 ./FreeRTOS/portable/GCC/ARM_CM4F/port.o
 .text.vPortEnableVFP
                0x08001750       0x14 ./FreeRTOS/portable/GCC/ARM_CM4F/port.o
 .text.pxPortInitialiseStack
                0x08001764       0x2c ./FreeRTOS/portable/GCC/ARM_CM4F/port.o
                0x08001764                pxPortInitialiseStack
 .text.SVC_Handler
                0x08001790       0x24 ./FreeRTOS/portable/GCC/ARM_CM4F/port.o
                0x08001790                SVC_Handler
 .text.vPortEnterCritical
                0x080017b4       0x20 ./FreeRTOS/portable/GCC/ARM_CM4F/port.o
                0x080017b4                vPortEnterCritical
 .text.vPortExitCritical
                0x080017d4       0x14 ./FreeRTOS/portable/GCC/ARM_CM4F/port.o
                0x080017d4                vPortExitCritical
 *fill*         0x080017e8        0x8 
 .text.PendSV_Handler
                0x080017f0       0x64 ./FreeRTOS/portable/GCC/ARM_CM4F/port.o
                0x080017f0                PendSV_Handler
 .text.SysTick_Handler
                0x08001854       0x2c ./FreeRTOS/portable/GCC/ARM_CM4F/port.o
                0x08001854                SysTick_Handler
 .text.vPortSetupTimerInterrupt
                0x08001880       0x28 ./FreeRTOS/portable/GCC/ARM_CM4F/port.o
                0x08001880                vPortSetupTimerInterrupt
 .text.xPortStartScheduler
                0x080018a8       0x48 ./FreeRTOS/portable/GCC/ARM_CM4F/port.o
                0x080018a8                xPortStartScheduler
 .text.vListInitialise
                0x080018f0       0x16 ./FreeRTOS/list.o
                0x080018f0                vListInitialise
 .text.vListInitialiseItem
                0x08001906        0x6 ./FreeRTOS/list.o
                0x08001906                vListInitialiseItem
 .text.vListInsert
                0x0800190c       0x34 ./FreeRTOS/list.o
                0x0800190c                vListInsert
 .text.uxListRemove
                0x08001940       0x28 ./FreeRTOS/list.o
                0x08001940                uxListRemove
 .text.prvIsQueueFull
                0x08001968       0x1e ./FreeRTOS/queue.o
 .text.prvIsQueueEmpty
                0x08001986       0x1a ./FreeRTOS/queue.o
 .text.prvCopyDataToQueue
                0x080019a0       0x58 ./FreeRTOS/queue.o
 .text.prvUnlockQueue
                0x080019f8       0x6e ./FreeRTOS/queue.o
 *fill*         0x08001a66        0x2 
 .text.xQueueGenericReset
                0x08001a68       0x98 ./FreeRTOS/queue.o
                0x08001a68                xQueueGenericReset
 .text.prvInitialiseNewQueue
                0x08001b00       0x1c ./FreeRTOS/queue.o
 .text.xQueueGenericCreate
                0x08001b1c       0x50 ./FreeRTOS/queue.o
                0x08001b1c                xQueueGenericCreate
 .text.xQueueGenericSend
                0x08001b6c      0x118 ./FreeRTOS/queue.o
                0x08001b6c                xQueueGenericSend
 .text.xQueueSemaphoreTake
                0x08001c84      0x104 ./FreeRTOS/queue.o
                0x08001c84                xQueueSemaphoreTake
 .text.prvResetNextTaskUnblockTime
                0x08001d88       0x28 ./FreeRTOS/tasks.o
 .text.prvDeleteTCB
                0x08001db0       0x12 ./FreeRTOS/tasks.o
 .text.prvInitialiseNewTask
                0x08001dc2       0x92 ./FreeRTOS/tasks.o
 .text.prvInitialiseTaskLists
                0x08001e54       0x68 ./FreeRTOS/tasks.o
 .text.prvAddNewTaskToReadyList
                0x08001ebc       0xc8 ./FreeRTOS/tasks.o
 .text.prvCheckTasksWaitingTermination
                0x08001f84       0x4c ./FreeRTOS/tasks.o
 .text.prvIdleTask
                0x08001fd0       0x28 ./FreeRTOS/tasks.o
 .text.prvAddCurrentTaskToDelayedList
                0x08001ff8       0xb4 ./FreeRTOS/tasks.o
 .text.xTaskCreate
                0x080020ac       0x62 ./FreeRTOS/tasks.o
                0x080020ac                xTaskCreate
 *fill*         0x0800210e        0x2 
 .text.vTaskStartScheduler
                0x08002110       0x6c ./FreeRTOS/tasks.o
                0x08002110                vTaskStartScheduler
 .text.vTaskSuspendAll
                0x0800217c       0x10 ./FreeRTOS/tasks.o
                0x0800217c                vTaskSuspendAll
 .text.xTaskIncrementTick
                0x0800218c      0x15c ./FreeRTOS/tasks.o
                0x0800218c                xTaskIncrementTick
 .text.xTaskResumeAll
                0x080022e8      0x144 ./FreeRTOS/tasks.o
                0x080022e8                xTaskResumeAll
 .text.vTaskDelay
                0x0800242c       0x34 ./FreeRTOS/tasks.o
                0x0800242c                vTaskDelay
 .text.vTaskSwitchContext
                0x08002460       0x7c ./FreeRTOS/tasks.o
                0x08002460                vTaskSwitchContext
 .text.vTaskPlaceOnEventList
                0x080024dc       0x1c ./FreeRTOS/tasks.o
                0x080024dc                vTaskPlaceOnEventList
 .text.xTaskRemoveFromEventList
                0x080024f8       0xe4 ./FreeRTOS/tasks.o
                0x080024f8                xTaskRemoveFromEventList
 .text.vTaskInternalSetTimeOutState
                0x080025dc       0x18 ./FreeRTOS/tasks.o
                0x080025dc                vTaskInternalSetTimeOutState
 .text.xTaskCheckForTimeOut
                0x080025f4       0x5c ./FreeRTOS/tasks.o
                0x080025f4                xTaskCheckForTimeOut
 .text.vTaskMissedYield
                0x08002650        0xc ./FreeRTOS/tasks.o
                0x08002650                vTaskMissedYield
 .text.__errno  0x0800265c        0xc f:/iti_embedded/arm/imt_sdk_win_64/winarm/armgcc/bin/../lib/gcc/arm-none-eabi/7.2.1/../../../../arm-none-eabi/lib/thumb/v7e-m/fpv4-sp/hard\libg_nano.a(lib_a-errno.o)
                0x0800265c                __errno
 .text.memcpy   0x08002668       0x16 f:/iti_embedded/arm/imt_sdk_win_64/winarm/armgcc/bin/../lib/gcc/arm-none-eabi/7.2.1/../../../../arm-none-eabi/lib/thumb/v7e-m/fpv4-sp/hard\libg_nano.a(lib_a-memcpy-stub.o)
                0x08002668                memcpy
 .text.memset   0x0800267e       0x10 f:/iti_embedded/arm/imt_sdk_win_64/winarm/armgcc/bin/../lib/gcc/arm-none-eabi/7.2.1/../../../../arm-none-eabi/lib/thumb/v7e-m/fpv4-sp/hard\libg_nano.a(lib_a-memset.o)
                0x0800267e                memset
 .text          0x0800268e       0x10 f:/iti_embedded/arm/imt_sdk_win_64/winarm/armgcc/bin/../lib/gcc/arm-none-eabi/7.2.1/../../../../arm-none-eabi/lib/thumb/v7e-m/fpv4-sp/hard\libg_nano.a(lib_a-strlen.o)
                0x0800268e                strlen
 .text._vsnprintf_r
                0x0800269e       0x58 f:/iti_embedded/arm/imt_sdk_win_64/winarm/armgcc/bin/../lib/gcc/arm-none-eabi/7.2.1/../../../../arm-none-eabi/lib/thumb/v7e-m/fpv4-sp/hard\libg_nano.a(lib_a-vsnprintf.o)
                0x0800269e                _vsniprintf_r
                0x0800269e                _vsnprintf_r
 *fill*         0x080026f6        0x2 
 .text.vsnprintf
                0x080026f8       0x1c f:/iti_embedded/arm/imt_sdk_win_64/winarm/armgcc/bin/../lib/gcc/arm-none-eabi/7.2.1/../../../../arm-none-eabi/lib/thumb/v7e-m/fpv4-sp/hard\libg_nano.a(lib_a-vsnprintf.o)
                0x080026f8                vsniprintf
                0x080026f8                vsnprintf
 .text.__ssputs_r
                0x08002714       0xb4 f:/iti_embedded/arm/imt_sdk_win_64/winarm/armgcc/bin/../lib/gcc/arm-none-eabi/7.2.1/../../../../arm-none-eabi/lib/thumb/v7e-m/fpv4-sp/hard\libg_nano.a(lib_a-nano-svfprintf.o)
                0x08002714                __ssputs_r
 .text._svfprintf_r
                0x080027c8      0x1ec f:/iti_embedded/arm/imt_sdk_win_64/winarm/armgcc/bin/../lib/gcc/arm-none-eabi/7.2.1/../../../../arm-none-eabi/lib/thumb/v7e-m/fpv4-sp/hard\libg_nano.a(lib_a-nano-svfprintf.o)
                0x080027c8                _svfiprintf_r
                0x080027c8                _svfprintf_r
 .text._printf_common
                0x080029b4       0xea f:/iti_embedded/arm/imt_sdk_win_64/winarm/armgcc/bin/../lib/gcc/arm-none-eabi/7.2.1/../../../../arm-none-eabi/lib/thumb/v7e-m/fpv4-sp/hard\libg_nano.a(lib_a-nano-vfprintf_i.o)
                0x080029b4                _printf_common
 *fill*         0x08002a9e        0x2 
 .text._printf_i
                0x08002aa0      0x224 f:/iti_embedded/arm/imt_sdk_win_64/winarm/armgcc/bin/../lib/gcc/arm-none-eabi/7.2.1/../../../../arm-none-eabi/lib/thumb/v7e-m/fpv4-sp/hard\libg_nano.a(lib_a-nano-vfprintf_i.o)
                0x08002aa0                _printf_i
 *fill*         0x08002cc4        0xc 
 .text          0x08002cd0       0xa0 f:/iti_embedded/arm/imt_sdk_win_64/winarm/armgcc/bin/../lib/gcc/arm-none-eabi/7.2.1/../../../../arm-none-eabi/lib/thumb/v7e-m/fpv4-sp/hard\libg_nano.a(lib_a-memchr.o)
                0x08002cd0                memchr
 .text.memmove  0x08002d70       0x32 f:/iti_embedded/arm/imt_sdk_win_64/winarm/armgcc/bin/../lib/gcc/arm-none-eabi/7.2.1/../../../../arm-none-eabi/lib/thumb/v7e-m/fpv4-sp/hard\libg_nano.a(lib_a-memmove.o)
                0x08002d70                memmove
 *fill*         0x08002da2        0x2 
 .text._free_r  0x08002da4       0x9c f:/iti_embedded/arm/imt_sdk_win_64/winarm/armgcc/bin/../lib/gcc/arm-none-eabi/7.2.1/../../../../arm-none-eabi/lib/thumb/v7e-m/fpv4-sp/hard\libg_nano.a(lib_a-nano-freer.o)
                0x08002da4                _free_r
 .text._malloc_r
                0x08002e40       0xb4 f:/iti_embedded/arm/imt_sdk_win_64/winarm/armgcc/bin/../lib/gcc/arm-none-eabi/7.2.1/../../../../arm-none-eabi/lib/thumb/v7e-m/fpv4-sp/hard\libg_nano.a(lib_a-nano-mallocr.o)
                0x08002e40                _malloc_r
 .text._realloc_r
                0x08002ef4       0x4c f:/iti_embedded/arm/imt_sdk_win_64/winarm/armgcc/bin/../lib/gcc/arm-none-eabi/7.2.1/../../../../arm-none-eabi/lib/thumb/v7e-m/fpv4-sp/hard\libg_nano.a(lib_a-nano-reallocr.o)
                0x08002ef4                _realloc_r
 .text._sbrk_r  0x08002f40       0x20 f:/iti_embedded/arm/imt_sdk_win_64/winarm/armgcc/bin/../lib/gcc/arm-none-eabi/7.2.1/../../../../arm-none-eabi/lib/thumb/v7e-m/fpv4-sp/hard\libg_nano.a(lib_a-sbrkr.o)
                0x08002f40                _sbrk_r
 .text.__malloc_lock
                0x08002f60        0x2 f:/iti_embedded/arm/imt_sdk_win_64/winarm/armgcc/bin/../lib/gcc/arm-none-eabi/7.2.1/../../../../arm-none-eabi/lib/thumb/v7e-m/fpv4-sp/hard\libg_nano.a(lib_a-mlock.o)
                0x08002f60                __malloc_lock
 .text.__malloc_unlock
                0x08002f62        0x2 f:/iti_embedded/arm/imt_sdk_win_64/winarm/armgcc/bin/../lib/gcc/arm-none-eabi/7.2.1/../../../../arm-none-eabi/lib/thumb/v7e-m/fpv4-sp/hard\libg_nano.a(lib_a-mlock.o)
                0x08002f62                __malloc_unlock
 .text._malloc_usable_size_r
                0x08002f64       0x10 f:/iti_embedded/arm/imt_sdk_win_64/winarm/armgcc/bin/../lib/gcc/arm-none-eabi/7.2.1/../../../../arm-none-eabi/lib/thumb/v7e-m/fpv4-sp/hard\libg_nano.a(lib_a-nano-msizer.o)
                0x08002f64                _malloc_usable_size_r
 *(.rodata .rodata.* .constdata .constdata.*)
 .rodata.HAL_NVIC_SetPriorityGrouping.str1.4
                0x08002f74       0x31 ./system/src/stm32f4-hal/stm32f4xx_hal_cortex.o
 *fill*         0x08002fa5        0x3 
 .rodata.APBAHBPrescTable
                0x08002fa8       0x10 ./system/src/stm32f4-hal/stm32f4xx_hal_rcc.o
                0x08002fa8                APBAHBPrescTable
 .rodata.HAL_RCC_OscConfig.str1.4
                0x08002fb8       0x2e ./system/src/stm32f4-hal/stm32f4xx_hal_rcc.o
 *fill*         0x08002fe6        0x2 
 .rodata.abort.str1.4
                0x08002fe8       0x14 ./system/src/newlib/_exit.o
 .rodata.assert_failed.str1.4
                0x08002ffc       0x2b ./system/src/newlib/assert.o
 .rodata.trace_puts.str1.4
                0x08003027       0x2b ./system/src/diag/Trace.o
                                  0x2 (size before relaxing)
 *fill*         0x08003027        0x1 
 .rodata.dumpExceptionStack.str1.4
                0x08003028      0x11a ./system/src/cortexm/exception_handlers.o
 *fill*         0x08003142        0x2 
 .rodata.str1.4
                0x08003144       0x2a ./system/src/cortexm/exception_handlers.o
 *fill*         0x0800316e        0x2 
 .rodata.AHBPrescTable
                0x08003170       0x10 ./system/src/cmsis/system_stm32f4xx.o
                0x08003170                AHBPrescTable
 .rodata.main.str1.4
                0x08003180       0x14 ./src/main.o
 .rodata.vTaskStartScheduler.str1.4
                0x08003194        0x8 ./FreeRTOS/tasks.o
                                  0x5 (size before relaxing)
 .rodata._svfprintf_r.str1.1
                0x0800319c       0x11 f:/iti_embedded/arm/imt_sdk_win_64/winarm/armgcc/bin/../lib/gcc/arm-none-eabi/7.2.1/../../../../arm-none-eabi/lib/thumb/v7e-m/fpv4-sp/hard\libg_nano.a(lib_a-nano-svfprintf.o)
 .rodata._printf_i.str1.1
                0x080031ad       0x22 f:/iti_embedded/arm/imt_sdk_win_64/winarm/armgcc/bin/../lib/gcc/arm-none-eabi/7.2.1/../../../../arm-none-eabi/lib/thumb/v7e-m/fpv4-sp/hard\libg_nano.a(lib_a-nano-vfprintf_i.o)
 *(vtable)
 *(.eh_frame*)
 *(.glue_7)
 .glue_7        0x080031cf        0x0 linker stubs
 *(.glue_7t)
 .glue_7t       0x080031cf        0x0 linker stubs

.vfp11_veneer   0x080031d0        0x0
 .vfp11_veneer  0x080031d0        0x0 linker stubs

.v4_bx          0x080031d0        0x0
 .v4_bx         0x080031d0        0x0 linker stubs

.iplt           0x080031d0        0x0
 .iplt          0x080031d0        0x0 ./system/src/stm32f4-hal/stm32f4xx_hal.o

.rel.dyn        0x080031d0        0x0
 .rel.iplt      0x080031d0        0x0 ./system/src/stm32f4-hal/stm32f4xx_hal.o

.ARM.extab
 *(.ARM.extab* .gnu.linkonce.armextab.*)
                0x080031d0                . = ALIGN (0x4)
                0x080031d0                __exidx_start = .

.ARM.exidx
 *(.ARM.exidx* .gnu.linkonce.armexidx.*)
                0x080031d0                __exidx_end = .
                0x080031d0                . = ALIGN (0x4)
                0x080031d0                _etext = .
                0x080031d0                __etext = .

.data_CCMRAM    0x10000000        0x0 load address 0x080031d0
 FILL mask 0xff
 *(.data.CCMRAM .data.CCMRAM.*)
                0x10000000                . = ALIGN (0x4)
                0x080031d0                _sidata = LOADADDR (.data)

.data           0x20000000       0x80 load address 0x080031d0
 FILL mask 0xff
                0x20000000                _sdata = .
                0x20000000                __data_start__ = .
 *(.data_begin .data_begin.*)
 .data_begin    0x20000000        0x4 ./system/src/newlib/_startup.o
 *(.data .data.*)
 .data.argv.5585
                0x20000004        0x8 ./system/src/newlib/_syscalls.o
 .data.SystemCoreClock
                0x2000000c        0x4 ./system/src/cmsis/system_stm32f4xx.o
                0x2000000c                SystemCoreClock
 .data.uxCriticalNesting
                0x20000010        0x4 ./FreeRTOS/portable/GCC/ARM_CM4F/port.o
 .data.uxTopUsedPriority
                0x20000014        0x4 ./FreeRTOS/tasks.o
                0x20000014                uxTopUsedPriority
 .data._impure_ptr
                0x20000018        0x4 f:/iti_embedded/arm/imt_sdk_win_64/winarm/armgcc/bin/../lib/gcc/arm-none-eabi/7.2.1/../../../../arm-none-eabi/lib/thumb/v7e-m/fpv4-sp/hard\libg_nano.a(lib_a-impure.o)
                0x20000018                _impure_ptr
 .data.impure_data
                0x2000001c       0x60 f:/iti_embedded/arm/imt_sdk_win_64/winarm/armgcc/bin/../lib/gcc/arm-none-eabi/7.2.1/../../../../arm-none-eabi/lib/thumb/v7e-m/fpv4-sp/hard\libg_nano.a(lib_a-impure.o)
 *(.data_end .data_end.*)
 .data_end      0x2000007c        0x4 ./system/src/newlib/_startup.o
                0x20000080                . = ALIGN (0x4)
                0x20000080                _edata = .
                0x20000080                __data_end__ = .

.igot.plt       0x20000080        0x0 load address 0x08003250
 .igot.plt      0x20000080        0x0 ./system/src/stm32f4-hal/stm32f4xx_hal.o

.bss_CCMRAM     0x10000000        0x0
 *(.bss.CCMRAM .bss.CCMRAM.*)

.bss            0x20000080     0x21d4
                0x20000080                __bss_start__ = .
                0x20000080                _sbss = .
 *(.bss_begin .bss_begin.*)
 .bss_begin     0x20000080        0x4 ./system/src/newlib/_startup.o
 *(.bss .bss.*)
 .bss.current_heap_end.5236
                0x20000084        0x4 ./system/src/newlib/_sbrk.o
 .bss.name.5584
                0x20000088        0x1 ./system/src/newlib/_syscalls.o
 *fill*         0x20000089        0x3 
 .bss.buf.6480  0x2000008c       0x80 ./system/src/diag/Trace.o
 .bss.u8button_statues_curr
                0x2000010c        0x1 ./src/main.o
                0x2000010c                u8button_statues_curr
 .bss.u8button_statues_prev
                0x2000010d        0x1 ./src/main.o
                0x2000010d                u8button_statues_prev
 *fill*         0x2000010e        0x2 
 .bss.vtaskLedhanlde
                0x20000110        0x4 ./src/main.o
                0x20000110                vtaskLedhanlde
 .bss.vtaskbuttonhandle
                0x20000114        0x4 ./src/main.o
                0x20000114                vtaskbuttonhandle
 .bss.xsemaphore
                0x20000118        0x4 ./src/main.o
                0x20000118                xsemaphore
 .bss.pxEnd     0x2000011c        0x4 ./FreeRTOS/portable/MemMang/heap_4.o
 .bss.ucHeap    0x20000120     0x2000 ./FreeRTOS/portable/MemMang/heap_4.o
 .bss.xBlockAllocatedBit
                0x20002120        0x4 ./FreeRTOS/portable/MemMang/heap_4.o
 .bss.xFreeBytesRemaining
                0x20002124        0x4 ./FreeRTOS/portable/MemMang/heap_4.o
 .bss.xMinimumEverFreeBytesRemaining
                0x20002128        0x4 ./FreeRTOS/portable/MemMang/heap_4.o
 .bss.xNumberOfSuccessfulAllocations
                0x2000212c        0x4 ./FreeRTOS/portable/MemMang/heap_4.o
 .bss.xNumberOfSuccessfulFrees
                0x20002130        0x4 ./FreeRTOS/portable/MemMang/heap_4.o
 .bss.xStart    0x20002134        0x8 ./FreeRTOS/portable/MemMang/heap_4.o
 .bss.pxCurrentTCB
                0x2000213c        0x4 ./FreeRTOS/tasks.o
                0x2000213c                pxCurrentTCB
 .bss.pxDelayedTaskList
                0x20002140        0x4 ./FreeRTOS/tasks.o
 .bss.pxOverflowDelayedTaskList
                0x20002144        0x4 ./FreeRTOS/tasks.o
 .bss.pxReadyTasksLists
                0x20002148       0x64 ./FreeRTOS/tasks.o
 .bss.uxCurrentNumberOfTasks
                0x200021ac        0x4 ./FreeRTOS/tasks.o
 .bss.uxDeletedTasksWaitingCleanUp
                0x200021b0        0x4 ./FreeRTOS/tasks.o
 .bss.uxSchedulerSuspended
                0x200021b4        0x4 ./FreeRTOS/tasks.o
 .bss.uxTaskNumber
                0x200021b8        0x4 ./FreeRTOS/tasks.o
 .bss.uxTopReadyPriority
                0x200021bc        0x4 ./FreeRTOS/tasks.o
 .bss.xDelayedTaskList1
                0x200021c0       0x14 ./FreeRTOS/tasks.o
 .bss.xDelayedTaskList2
                0x200021d4       0x14 ./FreeRTOS/tasks.o
 .bss.xIdleTaskHandle
                0x200021e8        0x4 ./FreeRTOS/tasks.o
 .bss.xNextTaskUnblockTime
                0x200021ec        0x4 ./FreeRTOS/tasks.o
 .bss.xNumOfOverflows
                0x200021f0        0x4 ./FreeRTOS/tasks.o
 .bss.xPendedTicks
                0x200021f4        0x4 ./FreeRTOS/tasks.o
 .bss.xPendingReadyList
                0x200021f8       0x14 ./FreeRTOS/tasks.o
 .bss.xSchedulerRunning
                0x2000220c        0x4 ./FreeRTOS/tasks.o
 .bss.xSuspendedTaskList
                0x20002210       0x14 ./FreeRTOS/tasks.o
 .bss.xTasksWaitingTermination
                0x20002224       0x14 ./FreeRTOS/tasks.o
 .bss.xTickCount
                0x20002238        0x4 ./FreeRTOS/tasks.o
 .bss.xYieldPending
                0x2000223c        0x4 ./FreeRTOS/tasks.o
 .bss.__malloc_free_list
                0x20002240        0x4 f:/iti_embedded/arm/imt_sdk_win_64/winarm/armgcc/bin/../lib/gcc/arm-none-eabi/7.2.1/../../../../arm-none-eabi/lib/thumb/v7e-m/fpv4-sp/hard\libg_nano.a(lib_a-nano-mallocr.o)
                0x20002240                __malloc_free_list
 .bss.__malloc_sbrk_start
                0x20002244        0x4 f:/iti_embedded/arm/imt_sdk_win_64/winarm/armgcc/bin/../lib/gcc/arm-none-eabi/7.2.1/../../../../arm-none-eabi/lib/thumb/v7e-m/fpv4-sp/hard\libg_nano.a(lib_a-nano-mallocr.o)
                0x20002244                __malloc_sbrk_start
 *(COMMON)
 COMMON         0x20002248        0x4 ./system/src/stm32f4-hal/stm32f4xx_hal.o
                0x20002248                uwTick
 COMMON         0x2000224c        0x4 ./system/src/newlib/_syscalls.o
                0x2000224c                errno
 *(.bss_end .bss_end.*)
 .bss_end       0x20002250        0x4 ./system/src/newlib/_startup.o
                0x20002254                . = ALIGN (0x4)
                0x20002254                __bss_end__ = .
                0x20002254                _ebss = .

.noinit_CCMRAM
 *(.noinit.CCMRAM .noinit.CCMRAM.*)

.noinit         0x20002254        0x0
                0x20002254                _noinit = .
 *(.noinit .noinit.*)
                0x20002254                . = ALIGN (0x4)
                0x20002254                _end_noinit = .
                [!provide]                PROVIDE (end, _end_noinit)
                [!provide]                PROVIDE (_end, _end_noinit)
                [!provide]                PROVIDE (__end, _end_noinit)
                [!provide]                PROVIDE (__end__, _end_noinit)

._check_stack   0x20002254      0x100
                0x20002354                . = (. + _Minimum_Stack_Size)
 *fill*         0x20002254      0x100 

.b1text
 *(.b1text)
 *(.b1rodata)
 *(.b1rodata.*)

.eb0text
 *(.eb0text)
 *(.eb0rodata)
 *(.eb0rodata.*)

.eb1text
 *(.eb1text)
 *(.eb1rodata)
 *(.eb1rodata.*)

.eb2text
 *(.eb2text)
 *(.eb2rodata)
 *(.eb2rodata.*)

.eb3text
 *(.eb3text)
 *(.eb3rodata)
 *(.eb3rodata.*)

.stab
 *(.stab)

.stabstr
 *(.stabstr)

.stab.excl
 *(.stab.excl)

.stab.exclstr
 *(.stab.exclstr)

.stab.index
 *(.stab.index)

.stab.indexstr
 *(.stab.indexstr)

.comment        0x00000000       0x7e
 *(.comment)
 .comment       0x00000000       0x7e ./system/src/stm32f4-hal/stm32f4xx_hal.o
                                 0x7f (size before relaxing)
 .comment       0x0000007e       0x7f ./system/src/stm32f4-hal/stm32f4xx_hal_cortex.o
 .comment       0x0000007e       0x7f ./system/src/stm32f4-hal/stm32f4xx_hal_rcc.o
 .comment       0x0000007e       0x7f ./system/src/newlib/_exit.o
 .comment       0x0000007e       0x7f ./system/src/newlib/_sbrk.o
 .comment       0x0000007e       0x7f ./system/src/newlib/_startup.o
 .comment       0x0000007e       0x7f ./system/src/newlib/_syscalls.o
 .comment       0x0000007e       0x7f ./system/src/newlib/assert.o
 .comment       0x0000007e       0x7f ./system/src/diag/Trace.o
 .comment       0x0000007e       0x7f ./system/src/diag/trace_impl.o
 .comment       0x0000007e       0x7f ./system/src/cortexm/_initialize_hardware.o
 .comment       0x0000007e       0x7f ./system/src/cortexm/exception_handlers.o
 .comment       0x0000007e       0x7f ./system/src/cmsis/system_stm32f4xx.o
 .comment       0x0000007e       0x7f ./system/src/cmsis/vectors_stm32f401xc.o
 .comment       0x0000007e       0x7f ./src/MGPIO_Program.o
 .comment       0x0000007e       0x7f ./src/MRCC_Program.o
 .comment       0x0000007e       0x7f ./src/_initialize_hardware.o
 .comment       0x0000007e       0x7f ./src/main.o
 .comment       0x0000007e       0x7f ./src/stm32f4xx_hal_msp.o
 .comment       0x0000007e       0x7f ./FreeRTOS/portable/MemMang/heap_4.o
 .comment       0x0000007e       0x7f ./FreeRTOS/portable/GCC/ARM_CM4F/port.o
 .comment       0x0000007e       0x7f ./FreeRTOS/list.o
 .comment       0x0000007e       0x7f ./FreeRTOS/queue.o
 .comment       0x0000007e       0x7f ./FreeRTOS/tasks.o

.ARM.attributes
                0x00000000       0x37
 .ARM.attributes
                0x00000000       0x39 ./system/src/stm32f4-hal/stm32f4xx_hal.o
 .ARM.attributes
                0x00000039       0x39 ./system/src/stm32f4-hal/stm32f4xx_hal_cortex.o
 .ARM.attributes
                0x00000072       0x39 ./system/src/stm32f4-hal/stm32f4xx_hal_rcc.o
 .ARM.attributes
                0x000000ab       0x39 ./system/src/newlib/_exit.o
 .ARM.attributes
                0x000000e4       0x39 ./system/src/newlib/_sbrk.o
 .ARM.attributes
                0x0000011d       0x39 ./system/src/newlib/_startup.o
 .ARM.attributes
                0x00000156       0x39 ./system/src/newlib/_syscalls.o
 .ARM.attributes
                0x0000018f       0x39 ./system/src/newlib/assert.o
 .ARM.attributes
                0x000001c8       0x39 ./system/src/diag/Trace.o
 .ARM.attributes
                0x00000201       0x39 ./system/src/diag/trace_impl.o
 .ARM.attributes
                0x0000023a       0x39 ./system/src/cortexm/_initialize_hardware.o
 .ARM.attributes
                0x00000273       0x39 ./system/src/cortexm/exception_handlers.o
 .ARM.attributes
                0x000002ac       0x39 ./system/src/cmsis/system_stm32f4xx.o
 .ARM.attributes
                0x000002e5       0x39 ./system/src/cmsis/vectors_stm32f401xc.o
 .ARM.attributes
                0x0000031e       0x39 ./src/MGPIO_Program.o
 .ARM.attributes
                0x00000357       0x39 ./src/MRCC_Program.o
 .ARM.attributes
                0x00000390       0x39 ./src/_initialize_hardware.o
 .ARM.attributes
                0x000003c9       0x39 ./src/main.o
 .ARM.attributes
                0x00000402       0x39 ./src/stm32f4xx_hal_msp.o
 .ARM.attributes
                0x0000043b       0x39 ./FreeRTOS/portable/MemMang/heap_4.o
 .ARM.attributes
                0x00000474       0x39 ./FreeRTOS/portable/GCC/ARM_CM4F/port.o
 .ARM.attributes
                0x000004ad       0x39 ./FreeRTOS/list.o
 .ARM.attributes
                0x000004e6       0x39 ./FreeRTOS/queue.o
 .ARM.attributes
                0x0000051f       0x39 ./FreeRTOS/tasks.o
 .ARM.attributes
                0x00000558       0x34 f:/iti_embedded/arm/imt_sdk_win_64/winarm/armgcc/bin/../lib/gcc/arm-none-eabi/7.2.1/../../../../arm-none-eabi/lib/thumb/v7e-m/fpv4-sp/hard\libg_nano.a(lib_a-errno.o)
 .ARM.attributes
                0x0000058c       0x34 f:/iti_embedded/arm/imt_sdk_win_64/winarm/armgcc/bin/../lib/gcc/arm-none-eabi/7.2.1/../../../../arm-none-eabi/lib/thumb/v7e-m/fpv4-sp/hard\libg_nano.a(lib_a-impure.o)
 .ARM.attributes
                0x000005c0       0x34 f:/iti_embedded/arm/imt_sdk_win_64/winarm/armgcc/bin/../lib/gcc/arm-none-eabi/7.2.1/../../../../arm-none-eabi/lib/thumb/v7e-m/fpv4-sp/hard\libg_nano.a(lib_a-memcpy-stub.o)
 .ARM.attributes
                0x000005f4       0x34 f:/iti_embedded/arm/imt_sdk_win_64/winarm/armgcc/bin/../lib/gcc/arm-none-eabi/7.2.1/../../../../arm-none-eabi/lib/thumb/v7e-m/fpv4-sp/hard\libg_nano.a(lib_a-memset.o)
 .ARM.attributes
                0x00000628       0x1b f:/iti_embedded/arm/imt_sdk_win_64/winarm/armgcc/bin/../lib/gcc/arm-none-eabi/7.2.1/../../../../arm-none-eabi/lib/thumb/v7e-m/fpv4-sp/hard\libg_nano.a(lib_a-strlen.o)
 .ARM.attributes
                0x00000643       0x34 f:/iti_embedded/arm/imt_sdk_win_64/winarm/armgcc/bin/../lib/gcc/arm-none-eabi/7.2.1/../../../../arm-none-eabi/lib/thumb/v7e-m/fpv4-sp/hard\libg_nano.a(lib_a-vsnprintf.o)
 .ARM.attributes
                0x00000677       0x34 f:/iti_embedded/arm/imt_sdk_win_64/winarm/armgcc/bin/../lib/gcc/arm-none-eabi/7.2.1/../../../../arm-none-eabi/lib/thumb/v7e-m/fpv4-sp/hard\libg_nano.a(lib_a-nano-svfprintf.o)
 .ARM.attributes
                0x000006ab       0x34 f:/iti_embedded/arm/imt_sdk_win_64/winarm/armgcc/bin/../lib/gcc/arm-none-eabi/7.2.1/../../../../arm-none-eabi/lib/thumb/v7e-m/fpv4-sp/hard\libg_nano.a(lib_a-nano-vfprintf_i.o)
 .ARM.attributes
                0x000006df       0x20 f:/iti_embedded/arm/imt_sdk_win_64/winarm/armgcc/bin/../lib/gcc/arm-none-eabi/7.2.1/../../../../arm-none-eabi/lib/thumb/v7e-m/fpv4-sp/hard\libg_nano.a(lib_a-memchr.o)
 .ARM.attributes
                0x000006ff       0x34 f:/iti_embedded/arm/imt_sdk_win_64/winarm/armgcc/bin/../lib/gcc/arm-none-eabi/7.2.1/../../../../arm-none-eabi/lib/thumb/v7e-m/fpv4-sp/hard\libg_nano.a(lib_a-memmove.o)
 .ARM.attributes
                0x00000733       0x34 f:/iti_embedded/arm/imt_sdk_win_64/winarm/armgcc/bin/../lib/gcc/arm-none-eabi/7.2.1/../../../../arm-none-eabi/lib/thumb/v7e-m/fpv4-sp/hard\libg_nano.a(lib_a-nano-freer.o)
 .ARM.attributes
                0x00000767       0x34 f:/iti_embedded/arm/imt_sdk_win_64/winarm/armgcc/bin/../lib/gcc/arm-none-eabi/7.2.1/../../../../arm-none-eabi/lib/thumb/v7e-m/fpv4-sp/hard\libg_nano.a(lib_a-nano-mallocr.o)
 .ARM.attributes
                0x0000079b       0x34 f:/iti_embedded/arm/imt_sdk_win_64/winarm/armgcc/bin/../lib/gcc/arm-none-eabi/7.2.1/../../../../arm-none-eabi/lib/thumb/v7e-m/fpv4-sp/hard\libg_nano.a(lib_a-nano-reallocr.o)
 .ARM.attributes
                0x000007cf       0x34 f:/iti_embedded/arm/imt_sdk_win_64/winarm/armgcc/bin/../lib/gcc/arm-none-eabi/7.2.1/../../../../arm-none-eabi/lib/thumb/v7e-m/fpv4-sp/hard\libg_nano.a(lib_a-sbrkr.o)
 .ARM.attributes
                0x00000803       0x34 f:/iti_embedded/arm/imt_sdk_win_64/winarm/armgcc/bin/../lib/gcc/arm-none-eabi/7.2.1/../../../../arm-none-eabi/lib/thumb/v7e-m/fpv4-sp/hard\libg_nano.a(lib_a-mlock.o)
 .ARM.attributes
                0x00000837       0x34 f:/iti_embedded/arm/imt_sdk_win_64/winarm/armgcc/bin/../lib/gcc/arm-none-eabi/7.2.1/../../../../arm-none-eabi/lib/thumb/v7e-m/fpv4-sp/hard\libg_nano.a(lib_a-nano-msizer.o)

.debug
 *(.debug)

.line
 *(.line)

.debug_srcinfo
 *(.debug_srcinfo)

.debug_sfnames
 *(.debug_sfnames)

.debug_aranges  0x00000000      0x890
 *(.debug_aranges)
 .debug_aranges
                0x00000000       0xc0 ./system/src/stm32f4-hal/stm32f4xx_hal.o
 .debug_aranges
                0x000000c0       0x98 ./system/src/stm32f4-hal/stm32f4xx_hal_cortex.o
 .debug_aranges
                0x00000158       0x88 ./system/src/stm32f4-hal/stm32f4xx_hal_rcc.o
 .debug_aranges
                0x000001e0       0x28 ./system/src/newlib/_exit.o
 .debug_aranges
                0x00000208       0x20 ./system/src/newlib/_sbrk.o
 .debug_aranges
                0x00000228       0x40 ./system/src/newlib/_startup.o
 .debug_aranges
                0x00000268       0x30 ./system/src/newlib/_syscalls.o
 .debug_aranges
                0x00000298       0x28 ./system/src/newlib/assert.o
 .debug_aranges
                0x000002c0       0x38 ./system/src/diag/Trace.o
 .debug_aranges
                0x000002f8       0x30 ./system/src/diag/trace_impl.o
 .debug_aranges
                0x00000328       0x28 ./system/src/cortexm/_initialize_hardware.o
 .debug_aranges
                0x00000350       0x90 ./system/src/cortexm/exception_handlers.o
 .debug_aranges
                0x000003e0       0x28 ./system/src/cmsis/system_stm32f4xx.o
 .debug_aranges
                0x00000408       0x20 ./system/src/cmsis/vectors_stm32f401xc.o
 .debug_aranges
                0x00000428       0x48 ./src/MGPIO_Program.o
 .debug_aranges
                0x00000470       0x30 ./src/MRCC_Program.o
 .debug_aranges
                0x000004a0       0x28 ./src/_initialize_hardware.o
 .debug_aranges
                0x000004c8       0x30 ./src/main.o
 .debug_aranges
                0x000004f8       0x38 ./src/stm32f4xx_hal_msp.o
 .debug_aranges
                0x00000530       0x58 ./FreeRTOS/portable/MemMang/heap_4.o
 .debug_aranges
                0x00000588       0x78 ./FreeRTOS/portable/GCC/ARM_CM4F/port.o
 .debug_aranges
                0x00000600       0x40 ./FreeRTOS/list.o
 .debug_aranges
                0x00000640       0xc8 ./FreeRTOS/queue.o
 .debug_aranges
                0x00000708      0x188 ./FreeRTOS/tasks.o

.debug_pubnames
 *(.debug_pubnames)

.debug_info     0x00000000    0x12aab
 *(.debug_info .gnu.linkonce.wi.*)
 .debug_info    0x00000000     0x107e ./system/src/stm32f4-hal/stm32f4xx_hal.o
 .debug_info    0x0000107e     0x1863 ./system/src/stm32f4-hal/stm32f4xx_hal_cortex.o
 .debug_info    0x000028e1     0x177e ./system/src/stm32f4-hal/stm32f4xx_hal_rcc.o
 .debug_info    0x0000405f      0x956 ./system/src/newlib/_exit.o
 .debug_info    0x000049b5      0x942 ./system/src/newlib/_sbrk.o
 .debug_info    0x000052f7      0x4bf ./system/src/newlib/_startup.o
 .debug_info    0x000057b6      0xa19 ./system/src/newlib/_syscalls.o
 .debug_info    0x000061cf      0x9ff ./system/src/newlib/assert.o
 .debug_info    0x00006bce      0xb2a ./system/src/diag/Trace.o
 .debug_info    0x000076f8      0xb6b ./system/src/diag/trace_impl.o
 .debug_info    0x00008263      0xade ./system/src/cortexm/_initialize_hardware.o
 .debug_info    0x00008d41     0x115a ./system/src/cortexm/exception_handlers.o
 .debug_info    0x00009e9b      0xcfe ./system/src/cmsis/system_stm32f4xx.o
 .debug_info    0x0000ab99       0xca ./system/src/cmsis/vectors_stm32f401xc.o
 .debug_info    0x0000ac63      0x2a4 ./src/MGPIO_Program.o
 .debug_info    0x0000af07      0x2b1 ./src/MRCC_Program.o
 .debug_info    0x0000b1b8      0xd34 ./src/_initialize_hardware.o
 .debug_info    0x0000beec      0x448 ./src/main.o
 .debug_info    0x0000c334      0x90f ./src/stm32f4xx_hal_msp.o
 .debug_info    0x0000cc43      0xcb8 ./FreeRTOS/portable/MemMang/heap_4.o
 .debug_info    0x0000d8fb      0x33c ./FreeRTOS/portable/GCC/ARM_CM4F/port.o
 .debug_info    0x0000dc37      0xac2 ./FreeRTOS/list.o
 .debug_info    0x0000e6f9     0x1d08 ./FreeRTOS/queue.o
 .debug_info    0x00010401     0x26aa ./FreeRTOS/tasks.o

.debug_abbrev   0x00000000     0x357c
 *(.debug_abbrev)
 .debug_abbrev  0x00000000      0x32b ./system/src/stm32f4-hal/stm32f4xx_hal.o
 .debug_abbrev  0x0000032b      0x3f1 ./system/src/stm32f4-hal/stm32f4xx_hal_cortex.o
 .debug_abbrev  0x0000071c      0x394 ./system/src/stm32f4-hal/stm32f4xx_hal_rcc.o
 .debug_abbrev  0x00000ab0      0x1f3 ./system/src/newlib/_exit.o
 .debug_abbrev  0x00000ca3      0x1fc ./system/src/newlib/_sbrk.o
 .debug_abbrev  0x00000e9f      0x1cb ./system/src/newlib/_startup.o
 .debug_abbrev  0x0000106a      0x234 ./system/src/newlib/_syscalls.o
 .debug_abbrev  0x0000129e      0x1f3 ./system/src/newlib/assert.o
 .debug_abbrev  0x00001491      0x276 ./system/src/diag/Trace.o
 .debug_abbrev  0x00001707      0x2ef ./system/src/diag/trace_impl.o
 .debug_abbrev  0x000019f6      0x1de ./system/src/cortexm/_initialize_hardware.o
 .debug_abbrev  0x00001bd4      0x32b ./system/src/cortexm/exception_handlers.o
 .debug_abbrev  0x00001eff      0x216 ./system/src/cmsis/system_stm32f4xx.o
 .debug_abbrev  0x00002115       0x9d ./system/src/cmsis/vectors_stm32f401xc.o
 .debug_abbrev  0x000021b2       0xa4 ./src/MGPIO_Program.o
 .debug_abbrev  0x00002256       0x8c ./src/MRCC_Program.o
 .debug_abbrev  0x000022e2      0x22d ./src/_initialize_hardware.o
 .debug_abbrev  0x0000250f       0xfa ./src/main.o
 .debug_abbrev  0x00002609      0x1b1 ./src/stm32f4xx_hal_msp.o
 .debug_abbrev  0x000027ba      0x2d9 ./FreeRTOS/portable/MemMang/heap_4.o
 .debug_abbrev  0x00002a93      0x1cd ./FreeRTOS/portable/GCC/ARM_CM4F/port.o
 .debug_abbrev  0x00002c60      0x223 ./FreeRTOS/list.o
 .debug_abbrev  0x00002e83      0x332 ./FreeRTOS/queue.o
 .debug_abbrev  0x000031b5      0x3c7 ./FreeRTOS/tasks.o

.debug_line     0x00000000     0x9f53
 *(.debug_line)
 .debug_line    0x00000000      0xb78 ./system/src/stm32f4-hal/stm32f4xx_hal.o
 .debug_line    0x00000b78      0xc6f ./system/src/stm32f4-hal/stm32f4xx_hal_cortex.o
 .debug_line    0x000017e7      0xdfa ./system/src/stm32f4-hal/stm32f4xx_hal_rcc.o
 .debug_line    0x000025e1      0x33b ./system/src/newlib/_exit.o
 .debug_line    0x0000291c      0x2ef ./system/src/newlib/_sbrk.o
 .debug_line    0x00002c0b      0x3b7 ./system/src/newlib/_startup.o
 .debug_line    0x00002fc2      0x400 ./system/src/newlib/_syscalls.o
 .debug_line    0x000033c2      0x376 ./system/src/newlib/assert.o
 .debug_line    0x00003738      0x3b7 ./system/src/diag/Trace.o
 .debug_line    0x00003aef      0xaab ./system/src/diag/trace_impl.o
 .debug_line    0x0000459a      0xa15 ./system/src/cortexm/_initialize_hardware.o
 .debug_line    0x00004faf      0xb62 ./system/src/cortexm/exception_handlers.o
 .debug_line    0x00005b11      0xa1b ./system/src/cmsis/system_stm32f4xx.o
 .debug_line    0x0000652c       0xfd ./system/src/cmsis/vectors_stm32f401xc.o
 .debug_line    0x00006629      0x165 ./src/MGPIO_Program.o
 .debug_line    0x0000678e       0xee ./src/MRCC_Program.o
 .debug_line    0x0000687c      0xa0d ./src/_initialize_hardware.o
 .debug_line    0x00007289      0x2c1 ./src/main.o
 .debug_line    0x0000754a      0xa0e ./src/stm32f4xx_hal_msp.o
 .debug_line    0x00007f58      0x4b5 ./FreeRTOS/portable/MemMang/heap_4.o
 .debug_line    0x0000840d      0x317 ./FreeRTOS/portable/GCC/ARM_CM4F/port.o
 .debug_line    0x00008724      0x3ef ./FreeRTOS/list.o
 .debug_line    0x00008b13      0x81b ./FreeRTOS/queue.o
 .debug_line    0x0000932e      0xc25 ./FreeRTOS/tasks.o

.debug_frame    0x00000000     0x16c4
 *(.debug_frame)
 .debug_frame   0x00000000      0x188 ./system/src/stm32f4-hal/stm32f4xx_hal.o
 .debug_frame   0x00000188      0x17c ./system/src/stm32f4-hal/stm32f4xx_hal_cortex.o
 .debug_frame   0x00000304      0x140 ./system/src/stm32f4-hal/stm32f4xx_hal_rcc.o
 .debug_frame   0x00000444       0x38 ./system/src/newlib/_exit.o
 .debug_frame   0x0000047c       0x28 ./system/src/newlib/_sbrk.o
 .debug_frame   0x000004a4       0x7c ./system/src/newlib/_startup.o
 .debug_frame   0x00000520       0x50 ./system/src/newlib/_syscalls.o
 .debug_frame   0x00000570       0x40 ./system/src/newlib/assert.o
 .debug_frame   0x000005b0       0x94 ./system/src/diag/Trace.o
 .debug_frame   0x00000644       0x64 ./system/src/diag/trace_impl.o
 .debug_frame   0x000006a8       0x40 ./system/src/cortexm/_initialize_hardware.o
 .debug_frame   0x000006e8      0x158 ./system/src/cortexm/exception_handlers.o
 .debug_frame   0x00000840       0x30 ./system/src/cmsis/system_stm32f4xx.o
 .debug_frame   0x00000870       0x20 ./system/src/cmsis/vectors_stm32f401xc.o
 .debug_frame   0x00000890       0x9c ./src/MGPIO_Program.o
 .debug_frame   0x0000092c       0x40 ./src/MRCC_Program.o
 .debug_frame   0x0000096c       0x4c ./src/_initialize_hardware.o
 .debug_frame   0x000009b8       0x58 ./src/main.o
 .debug_frame   0x00000a10       0x50 ./src/stm32f4xx_hal_msp.o
 .debug_frame   0x00000a60       0xcc ./FreeRTOS/portable/MemMang/heap_4.o
 .debug_frame   0x00000b2c       0xe8 ./FreeRTOS/portable/GCC/ARM_CM4F/port.o
 .debug_frame   0x00000c14       0x6c ./FreeRTOS/list.o
 .debug_frame   0x00000c80      0x290 ./FreeRTOS/queue.o
 .debug_frame   0x00000f10      0x4cc ./FreeRTOS/tasks.o
 .debug_frame   0x000013dc       0x20 f:/iti_embedded/arm/imt_sdk_win_64/winarm/armgcc/bin/../lib/gcc/arm-none-eabi/7.2.1/../../../../arm-none-eabi/lib/thumb/v7e-m/fpv4-sp/hard\libg_nano.a(lib_a-errno.o)
 .debug_frame   0x000013fc       0x28 f:/iti_embedded/arm/imt_sdk_win_64/winarm/armgcc/bin/../lib/gcc/arm-none-eabi/7.2.1/../../../../arm-none-eabi/lib/thumb/v7e-m/fpv4-sp/hard\libg_nano.a(lib_a-memcpy-stub.o)
 .debug_frame   0x00001424       0x20 f:/iti_embedded/arm/imt_sdk_win_64/winarm/armgcc/bin/../lib/gcc/arm-none-eabi/7.2.1/../../../../arm-none-eabi/lib/thumb/v7e-m/fpv4-sp/hard\libg_nano.a(lib_a-memset.o)
 .debug_frame   0x00001444       0x4c f:/iti_embedded/arm/imt_sdk_win_64/winarm/armgcc/bin/../lib/gcc/arm-none-eabi/7.2.1/../../../../arm-none-eabi/lib/thumb/v7e-m/fpv4-sp/hard\libg_nano.a(lib_a-vsnprintf.o)
 .debug_frame   0x00001490       0x90 f:/iti_embedded/arm/imt_sdk_win_64/winarm/armgcc/bin/../lib/gcc/arm-none-eabi/7.2.1/../../../../arm-none-eabi/lib/thumb/v7e-m/fpv4-sp/hard\libg_nano.a(lib_a-nano-svfprintf.o)
 .debug_frame   0x00001520       0x60 f:/iti_embedded/arm/imt_sdk_win_64/winarm/armgcc/bin/../lib/gcc/arm-none-eabi/7.2.1/../../../../arm-none-eabi/lib/thumb/v7e-m/fpv4-sp/hard\libg_nano.a(lib_a-nano-vfprintf_i.o)
 .debug_frame   0x00001580       0x28 f:/iti_embedded/arm/imt_sdk_win_64/winarm/armgcc/bin/../lib/gcc/arm-none-eabi/7.2.1/../../../../arm-none-eabi/lib/thumb/v7e-m/fpv4-sp/hard\libg_nano.a(lib_a-memmove.o)
 .debug_frame   0x000015a8       0x38 f:/iti_embedded/arm/imt_sdk_win_64/winarm/armgcc/bin/../lib/gcc/arm-none-eabi/7.2.1/../../../../arm-none-eabi/lib/thumb/v7e-m/fpv4-sp/hard\libg_nano.a(lib_a-nano-freer.o)
 .debug_frame   0x000015e0       0x2c f:/iti_embedded/arm/imt_sdk_win_64/winarm/armgcc/bin/../lib/gcc/arm-none-eabi/7.2.1/../../../../arm-none-eabi/lib/thumb/v7e-m/fpv4-sp/hard\libg_nano.a(lib_a-nano-mallocr.o)
 .debug_frame   0x0000160c       0x3c f:/iti_embedded/arm/imt_sdk_win_64/winarm/armgcc/bin/../lib/gcc/arm-none-eabi/7.2.1/../../../../arm-none-eabi/lib/thumb/v7e-m/fpv4-sp/hard\libg_nano.a(lib_a-nano-reallocr.o)
 .debug_frame   0x00001648       0x2c f:/iti_embedded/arm/imt_sdk_win_64/winarm/armgcc/bin/../lib/gcc/arm-none-eabi/7.2.1/../../../../arm-none-eabi/lib/thumb/v7e-m/fpv4-sp/hard\libg_nano.a(lib_a-sbrkr.o)
 .debug_frame   0x00001674       0x30 f:/iti_embedded/arm/imt_sdk_win_64/winarm/armgcc/bin/../lib/gcc/arm-none-eabi/7.2.1/../../../../arm-none-eabi/lib/thumb/v7e-m/fpv4-sp/hard\libg_nano.a(lib_a-mlock.o)
 .debug_frame   0x000016a4       0x20 f:/iti_embedded/arm/imt_sdk_win_64/winarm/armgcc/bin/../lib/gcc/arm-none-eabi/7.2.1/../../../../arm-none-eabi/lib/thumb/v7e-m/fpv4-sp/hard\libg_nano.a(lib_a-nano-msizer.o)

.debug_str      0x00000000    0x7c1de
 *(.debug_str)
 .debug_str     0x00000000    0x6fc1c ./system/src/stm32f4-hal/stm32f4xx_hal.o
                              0x700eb (size before relaxing)
 .debug_str     0x0006fc1c      0x383 ./system/src/stm32f4-hal/stm32f4xx_hal_cortex.o
                              0x6ff55 (size before relaxing)
 .debug_str     0x0006ff9f      0x3db ./system/src/stm32f4-hal/stm32f4xx_hal_rcc.o
                              0x6fc6d (size before relaxing)
 .debug_str     0x0007037a     0x10ff ./system/src/newlib/_exit.o
                               0x7f4c (size before relaxing)
 .debug_str     0x00071479      0x375 ./system/src/newlib/_sbrk.o
                               0x72fe (size before relaxing)
 .debug_str     0x000717ee      0x2c6 ./system/src/newlib/_startup.o
                               0x6a9f (size before relaxing)
 .debug_str     0x00071ab4      0xe8b ./system/src/newlib/_syscalls.o
                               0x81d9 (size before relaxing)
 .debug_str     0x0007293f       0xd0 ./system/src/newlib/assert.o
                               0x8a51 (size before relaxing)
 .debug_str     0x00072a0f      0x176 ./system/src/diag/Trace.o
                               0x86c4 (size before relaxing)
 .debug_str     0x00072b85      0x37b ./system/src/diag/trace_impl.o
                              0x709ea (size before relaxing)
 .debug_str     0x00072f00       0x5e ./system/src/cortexm/_initialize_hardware.o
                              0x6f77c (size before relaxing)
 .debug_str     0x00072f5e      0x172 ./system/src/cortexm/exception_handlers.o
                              0x70b74 (size before relaxing)
 .debug_str     0x000730d0       0x46 ./system/src/cmsis/system_stm32f4xx.o
                              0x6f85d (size before relaxing)
 .debug_str     0x00073116       0x59 ./system/src/cmsis/vectors_stm32f401xc.o
                               0x38dc (size before relaxing)
 .debug_str     0x0007316f      0x49e ./src/MGPIO_Program.o
                               0x329f (size before relaxing)
 .debug_str     0x0007360d      0x450 ./src/MRCC_Program.o
                               0x334d (size before relaxing)
 .debug_str     0x00073a5d       0x31 ./src/_initialize_hardware.o
                              0x6f973 (size before relaxing)
 .debug_str     0x00073a8e     0x5c40 ./src/main.o
                               0x9e46 (size before relaxing)
 .debug_str     0x000796ce       0x3d ./src/stm32f4xx_hal_msp.o
                              0x6f6c4 (size before relaxing)
 .debug_str     0x0007970b      0x3a6 ./FreeRTOS/portable/MemMang/heap_4.o
                               0xbe24 (size before relaxing)
 .debug_str     0x00079ab1      0x7e4 ./FreeRTOS/portable/GCC/ARM_CM4F/port.o
                               0x91be (size before relaxing)
 .debug_str     0x0007a295      0x112 ./FreeRTOS/list.o
                               0xa98f (size before relaxing)
 .debug_str     0x0007a3a7      0x694 ./FreeRTOS/queue.o
                               0xca79 (size before relaxing)
 .debug_str     0x0007aa3b     0x17a3 ./FreeRTOS/tasks.o
                               0xd655 (size before relaxing)

.debug_loc      0x00000000     0x4ed1
 *(.debug_loc)
 .debug_loc     0x00000000       0x92 ./system/src/stm32f4-hal/stm32f4xx_hal.o
 .debug_loc     0x00000092      0x73b ./system/src/stm32f4-hal/stm32f4xx_hal_cortex.o
 .debug_loc     0x000007cd      0x50a ./system/src/stm32f4-hal/stm32f4xx_hal_rcc.o
 .debug_loc     0x00000cd7       0x85 ./system/src/newlib/_sbrk.o
 .debug_loc     0x00000d5c      0x2cb ./system/src/newlib/_startup.o
 .debug_loc     0x00001027       0x63 ./system/src/newlib/_syscalls.o
 .debug_loc     0x0000108a      0x134 ./system/src/newlib/assert.o
 .debug_loc     0x000011be       0xf6 ./system/src/diag/Trace.o
 .debug_loc     0x000012b4      0x121 ./system/src/diag/trace_impl.o
 .debug_loc     0x000013d5      0x291 ./system/src/cortexm/exception_handlers.o
 .debug_loc     0x00001666      0x13e ./system/src/cmsis/system_stm32f4xx.o
 .debug_loc     0x000017a4      0x69c ./src/MGPIO_Program.o
 .debug_loc     0x00001e40      0x1b0 ./src/MRCC_Program.o
 .debug_loc     0x00001ff0       0x42 ./src/main.o
 .debug_loc     0x00002032      0x3a5 ./FreeRTOS/portable/MemMang/heap_4.o
 .debug_loc     0x000023d7       0xb6 ./FreeRTOS/portable/GCC/ARM_CM4F/port.o
 .debug_loc     0x0000248d       0x70 ./FreeRTOS/list.o
 .debug_loc     0x000024fd     0x100d ./FreeRTOS/queue.o
 .debug_loc     0x0000350a     0x19c7 ./FreeRTOS/tasks.o

.debug_macinfo
 *(.debug_macinfo)

.debug_weaknames
 *(.debug_weaknames)

.debug_funcnames
 *(.debug_funcnames)

.debug_typenames
 *(.debug_typenames)

.debug_varnames
 *(.debug_varnames)
OUTPUT(Synchronization_APP_Button_LED.elf elf32-littlearm)

.debug_ranges   0x00000000      0xaa8
 .debug_ranges  0x00000000       0xb0 ./system/src/stm32f4-hal/stm32f4xx_hal.o
 .debug_ranges  0x000000b0       0xe8 ./system/src/stm32f4-hal/stm32f4xx_hal_cortex.o
 .debug_ranges  0x00000198       0x78 ./system/src/stm32f4-hal/stm32f4xx_hal_rcc.o
 .debug_ranges  0x00000210       0x18 ./system/src/newlib/_exit.o
 .debug_ranges  0x00000228       0x10 ./system/src/newlib/_sbrk.o
 .debug_ranges  0x00000238       0x90 ./system/src/newlib/_startup.o
 .debug_ranges  0x000002c8       0x20 ./system/src/newlib/_syscalls.o
 .debug_ranges  0x000002e8       0x18 ./system/src/newlib/assert.o
 .debug_ranges  0x00000300       0x28 ./system/src/diag/Trace.o
 .debug_ranges  0x00000328       0x50 ./system/src/diag/trace_impl.o
 .debug_ranges  0x00000378       0x18 ./system/src/cortexm/_initialize_hardware.o
 .debug_ranges  0x00000390       0x80 ./system/src/cortexm/exception_handlers.o
 .debug_ranges  0x00000410       0x18 ./system/src/cmsis/system_stm32f4xx.o
 .debug_ranges  0x00000428       0x10 ./system/src/cmsis/vectors_stm32f401xc.o
 .debug_ranges  0x00000438       0x38 ./src/MGPIO_Program.o
 .debug_ranges  0x00000470       0x20 ./src/MRCC_Program.o
 .debug_ranges  0x00000490       0x18 ./src/_initialize_hardware.o
 .debug_ranges  0x000004a8       0x20 ./src/main.o
 .debug_ranges  0x000004c8       0x28 ./src/stm32f4xx_hal_msp.o
 .debug_ranges  0x000004f0       0x48 ./FreeRTOS/portable/MemMang/heap_4.o
 .debug_ranges  0x00000538       0x68 ./FreeRTOS/portable/GCC/ARM_CM4F/port.o
 .debug_ranges  0x000005a0       0x30 ./FreeRTOS/list.o
 .debug_ranges  0x000005d0      0x160 ./FreeRTOS/queue.o
 .debug_ranges  0x00000730      0x378 ./FreeRTOS/tasks.o

.debug_macro    0x00000000    0x166a4
 .debug_macro   0x00000000      0x532 ./system/src/stm32f4-hal/stm32f4xx_hal.o
 .debug_macro   0x00000532      0xa6c ./system/src/stm32f4-hal/stm32f4xx_hal.o
 .debug_macro   0x00000f9e      0x289 ./system/src/stm32f4-hal/stm32f4xx_hal.o
 .debug_macro   0x00001227       0x31 ./system/src/stm32f4-hal/stm32f4xx_hal.o
 .debug_macro   0x00001258       0x28 ./system/src/stm32f4-hal/stm32f4xx_hal.o
 .debug_macro   0x00001280      0x34e ./system/src/stm32f4-hal/stm32f4xx_hal.o
 .debug_macro   0x000015ce       0x35 ./system/src/stm32f4-hal/stm32f4xx_hal.o
 .debug_macro   0x00001603       0x50 ./system/src/stm32f4-hal/stm32f4xx_hal.o
 .debug_macro   0x00001653      0xe66 ./system/src/stm32f4-hal/stm32f4xx_hal.o
 .debug_macro   0x000024b9     0x5099 ./system/src/stm32f4-hal/stm32f4xx_hal.o
 .debug_macro   0x00007552       0x43 ./system/src/stm32f4-hal/stm32f4xx_hal.o
 .debug_macro   0x00007595     0x347f ./system/src/stm32f4-hal/stm32f4xx_hal.o
 .debug_macro   0x0000aa14       0x22 ./system/src/stm32f4-hal/stm32f4xx_hal.o
 .debug_macro   0x0000aa36       0x52 ./system/src/stm32f4-hal/stm32f4xx_hal.o
 .debug_macro   0x0000aa88       0x17 ./system/src/stm32f4-hal/stm32f4xx_hal.o
 .debug_macro   0x0000aa9f       0x8d ./system/src/stm32f4-hal/stm32f4xx_hal.o
 .debug_macro   0x0000ab2c       0x35 ./system/src/stm32f4-hal/stm32f4xx_hal.o
 .debug_macro   0x0000ab61       0x9c ./system/src/stm32f4-hal/stm32f4xx_hal.o
 .debug_macro   0x0000abfd       0x16 ./system/src/stm32f4-hal/stm32f4xx_hal.o
 .debug_macro   0x0000ac13       0x57 ./system/src/stm32f4-hal/stm32f4xx_hal.o
 .debug_macro   0x0000ac6a       0x97 ./system/src/stm32f4-hal/stm32f4xx_hal.o
 .debug_macro   0x0000ad01      0x330 ./system/src/stm32f4-hal/stm32f4xx_hal.o
 .debug_macro   0x0000b031       0xfd ./system/src/stm32f4-hal/stm32f4xx_hal.o
 .debug_macro   0x0000b12e       0x10 ./system/src/stm32f4-hal/stm32f4xx_hal.o
 .debug_macro   0x0000b13e       0x58 ./system/src/stm32f4-hal/stm32f4xx_hal.o
 .debug_macro   0x0000b196       0x1f ./system/src/stm32f4-hal/stm32f4xx_hal.o
 .debug_macro   0x0000b1b5       0x43 ./system/src/stm32f4-hal/stm32f4xx_hal.o
 .debug_macro   0x0000b1f8       0x20 ./system/src/stm32f4-hal/stm32f4xx_hal.o
 .debug_macro   0x0000b218      0x18e ./system/src/stm32f4-hal/stm32f4xx_hal.o
 .debug_macro   0x0000b3a6       0x10 ./system/src/stm32f4-hal/stm32f4xx_hal.o
 .debug_macro   0x0000b3b6       0x6a ./system/src/stm32f4-hal/stm32f4xx_hal.o
 .debug_macro   0x0000b420       0x1c ./system/src/stm32f4-hal/stm32f4xx_hal.o
 .debug_macro   0x0000b43c       0x52 ./system/src/stm32f4-hal/stm32f4xx_hal.o
 .debug_macro   0x0000b48e       0x40 ./system/src/stm32f4-hal/stm32f4xx_hal.o
 .debug_macro   0x0000b4ce       0x10 ./system/src/stm32f4-hal/stm32f4xx_hal.o
 .debug_macro   0x0000b4de       0x40 ./system/src/stm32f4-hal/stm32f4xx_hal.o
 .debug_macro   0x0000b51e       0xd7 ./system/src/stm32f4-hal/stm32f4xx_hal.o
 .debug_macro   0x0000b5f5       0x1c ./system/src/stm32f4-hal/stm32f4xx_hal.o
 .debug_macro   0x0000b611       0x3d ./system/src/stm32f4-hal/stm32f4xx_hal.o
 .debug_macro   0x0000b64e       0x16 ./system/src/stm32f4-hal/stm32f4xx_hal.o
 .debug_macro   0x0000b664      0x16f ./system/src/stm32f4-hal/stm32f4xx_hal.o
 .debug_macro   0x0000b7d3       0x57 ./system/src/stm32f4-hal/stm32f4xx_hal.o
 .debug_macro   0x0000b82a      0x424 ./system/src/stm32f4-hal/stm32f4xx_hal.o
 .debug_macro   0x0000bc4e      0x9e1 ./system/src/stm32f4-hal/stm32f4xx_hal.o
 .debug_macro   0x0000c62f      0x11e ./system/src/stm32f4-hal/stm32f4xx_hal.o
 .debug_macro   0x0000c74d       0xf8 ./system/src/stm32f4-hal/stm32f4xx_hal.o
 .debug_macro   0x0000c845       0x27 ./system/src/stm32f4-hal/stm32f4xx_hal.o
 .debug_macro   0x0000c86c      0x287 ./system/src/stm32f4-hal/stm32f4xx_hal.o
 .debug_macro   0x0000caf3       0x5f ./system/src/stm32f4-hal/stm32f4xx_hal.o
 .debug_macro   0x0000cb52      0x23a ./system/src/stm32f4-hal/stm32f4xx_hal.o
 .debug_macro   0x0000cd8c      0x391 ./system/src/stm32f4-hal/stm32f4xx_hal.o
 .debug_macro   0x0000d11d      0x16f ./system/src/stm32f4-hal/stm32f4xx_hal.o
 .debug_macro   0x0000d28c       0xf9 ./system/src/stm32f4-hal/stm32f4xx_hal.o
 .debug_macro   0x0000d385       0x23 ./system/src/stm32f4-hal/stm32f4xx_hal.o
 .debug_macro   0x0000d3a8      0x13a ./system/src/stm32f4-hal/stm32f4xx_hal.o
 .debug_macro   0x0000d4e2      0x23a ./system/src/stm32f4-hal/stm32f4xx_hal.o
 .debug_macro   0x0000d71c       0x2e ./system/src/stm32f4-hal/stm32f4xx_hal.o
 .debug_macro   0x0000d74a      0x1a7 ./system/src/stm32f4-hal/stm32f4xx_hal.o
 .debug_macro   0x0000d8f1       0x22 ./system/src/stm32f4-hal/stm32f4xx_hal.o
 .debug_macro   0x0000d913       0xa5 ./system/src/stm32f4-hal/stm32f4xx_hal.o
 .debug_macro   0x0000d9b8      0x18b ./system/src/stm32f4-hal/stm32f4xx_hal.o
 .debug_macro   0x0000db43       0x24 ./system/src/stm32f4-hal/stm32f4xx_hal.o
 .debug_macro   0x0000db67       0x35 ./system/src/stm32f4-hal/stm32f4xx_hal.o
 .debug_macro   0x0000db9c       0x79 ./system/src/stm32f4-hal/stm32f4xx_hal.o
 .debug_macro   0x0000dc15      0x11e ./system/src/stm32f4-hal/stm32f4xx_hal.o
 .debug_macro   0x0000dd33       0x85 ./system/src/stm32f4-hal/stm32f4xx_hal.o
 .debug_macro   0x0000ddb8       0x89 ./system/src/stm32f4-hal/stm32f4xx_hal.o
 .debug_macro   0x0000de41      0x31a ./system/src/stm32f4-hal/stm32f4xx_hal.o
 .debug_macro   0x0000e15b      0x409 ./system/src/stm32f4-hal/stm32f4xx_hal.o
 .debug_macro   0x0000e564       0xe4 ./system/src/stm32f4-hal/stm32f4xx_hal.o
 .debug_macro   0x0000e648      0x48d ./system/src/stm32f4-hal/stm32f4xx_hal.o
 .debug_macro   0x0000ead5      0x22b ./system/src/stm32f4-hal/stm32f4xx_hal.o
 .debug_macro   0x0000ed00      0x202 ./system/src/stm32f4-hal/stm32f4xx_hal.o
 .debug_macro   0x0000ef02      0x6d9 ./system/src/stm32f4-hal/stm32f4xx_hal.o
 .debug_macro   0x0000f5db       0x5b ./system/src/stm32f4-hal/stm32f4xx_hal.o
 .debug_macro   0x0000f636      0x14d ./system/src/stm32f4-hal/stm32f4xx_hal.o
 .debug_macro   0x0000f783      0x287 ./system/src/stm32f4-hal/stm32f4xx_hal.o
 .debug_macro   0x0000fa0a      0x225 ./system/src/stm32f4-hal/stm32f4xx_hal.o
 .debug_macro   0x0000fc2f      0x1b5 ./system/src/stm32f4-hal/stm32f4xx_hal.o
 .debug_macro   0x0000fde4      0x2db ./system/src/stm32f4-hal/stm32f4xx_hal.o
 .debug_macro   0x000100bf       0x89 ./system/src/stm32f4-hal/stm32f4xx_hal.o
 .debug_macro   0x00010148      0x1df ./system/src/stm32f4-hal/stm32f4xx_hal.o
 .debug_macro   0x00010327      0x115 ./system/src/stm32f4-hal/stm32f4xx_hal.o
 .debug_macro   0x0001043c       0x6e ./system/src/stm32f4-hal/stm32f4xx_hal.o
 .debug_macro   0x000104aa      0x11e ./system/src/stm32f4-hal/stm32f4xx_hal.o
 .debug_macro   0x000105c8      0x4e4 ./system/src/stm32f4-hal/stm32f4xx_hal_cortex.o
 .debug_macro   0x00010aac      0x50e ./system/src/stm32f4-hal/stm32f4xx_hal_rcc.o
 .debug_macro   0x00010fba      0x1b4 ./system/src/newlib/_exit.o
 .debug_macro   0x0001116e      0x10e ./system/src/newlib/_exit.o
 .debug_macro   0x0001127c       0x8d ./system/src/newlib/_exit.o
 .debug_macro   0x00011309       0x35 ./system/src/newlib/_exit.o
 .debug_macro   0x0001133e      0x169 ./system/src/newlib/_sbrk.o
 .debug_macro   0x000114a7      0x174 ./system/src/newlib/_sbrk.o
 .debug_macro   0x0001161b       0x10 ./system/src/newlib/_sbrk.o
 .debug_macro   0x0001162b      0x23b ./system/src/newlib/_sbrk.o
 .debug_macro   0x00011866      0x173 ./system/src/newlib/_startup.o
 .debug_macro   0x000119d9      0xa72 ./system/src/newlib/_startup.o
 .debug_macro   0x0001244b      0x217 ./system/src/newlib/_syscalls.o
 .debug_macro   0x00012662       0x1c ./system/src/newlib/_syscalls.o
 .debug_macro   0x0001267e       0x10 ./system/src/newlib/_syscalls.o
 .debug_macro   0x0001268e       0x10 ./system/src/newlib/_syscalls.o
 .debug_macro   0x0001269e       0x10 ./system/src/newlib/_syscalls.o
 .debug_macro   0x000126ae       0x35 ./system/src/newlib/_syscalls.o
 .debug_macro   0x000126e3      0x122 ./system/src/newlib/_syscalls.o
 .debug_macro   0x00012805       0x88 ./system/src/newlib/_syscalls.o
 .debug_macro   0x0001288d       0x2b ./system/src/newlib/_syscalls.o
 .debug_macro   0x000128b8      0x118 ./system/src/newlib/_syscalls.o
 .debug_macro   0x000129d0      0x189 ./system/src/newlib/_syscalls.o
 .debug_macro   0x00012b59       0x16 ./system/src/newlib/_syscalls.o
 .debug_macro   0x00012b6f      0x1d0 ./system/src/newlib/assert.o
 .debug_macro   0x00012d3f       0x1c ./system/src/newlib/assert.o
 .debug_macro   0x00012d5b      0x1fb ./system/src/diag/Trace.o
 .debug_macro   0x00012f56       0x4c ./system/src/diag/Trace.o
 .debug_macro   0x00012fa2       0x16 ./system/src/diag/Trace.o
 .debug_macro   0x00012fb8      0x52a ./system/src/diag/trace_impl.o
 .debug_macro   0x000134e2       0x22 ./system/src/diag/trace_impl.o
 .debug_macro   0x00013504      0x4ee ./system/src/cortexm/_initialize_hardware.o
 .debug_macro   0x000139f2      0x557 ./system/src/cortexm/exception_handlers.o
 .debug_macro   0x00013f49       0x3b ./system/src/cortexm/exception_handlers.o
 .debug_macro   0x00013f84      0x4ea ./system/src/cmsis/system_stm32f4xx.o
 .debug_macro   0x0001446e       0x34 ./system/src/cmsis/vectors_stm32f401xc.o
 .debug_macro   0x000144a2       0x35 ./src/MGPIO_Program.o
 .debug_macro   0x000144d7       0x22 ./src/MGPIO_Program.o
 .debug_macro   0x000144f9       0x1c ./src/MGPIO_Program.o
 .debug_macro   0x00014515       0x34 ./src/MGPIO_Program.o
 .debug_macro   0x00014549       0xee ./src/MGPIO_Program.o
 .debug_macro   0x00014637       0x3e ./src/MRCC_Program.o
 .debug_macro   0x00014675       0x5e ./src/MRCC_Program.o
 .debug_macro   0x000146d3       0x94 ./src/MRCC_Program.o
 .debug_macro   0x00014767       0x10 ./src/MRCC_Program.o
 .debug_macro   0x00014777      0x4e4 ./src/_initialize_hardware.o
 .debug_macro   0x00014c5b      0x105 ./src/main.o
 .debug_macro   0x00014d60       0xb2 ./src/main.o
 .debug_macro   0x00014e12      0x15a ./src/main.o
 .debug_macro   0x00014f6c       0xe3 ./src/main.o
 .debug_macro   0x0001504f       0x28 ./src/main.o
 .debug_macro   0x00015077       0x1f ./src/main.o
 .debug_macro   0x00015096       0x12 ./src/main.o
 .debug_macro   0x000150a8      0x566 ./src/main.o
 .debug_macro   0x0001560e       0x22 ./src/main.o
 .debug_macro   0x00015630       0xc3 ./src/main.o
 .debug_macro   0x000156f3      0x120 ./src/main.o
 .debug_macro   0x00015813       0x80 ./src/main.o
 .debug_macro   0x00015893       0x69 ./src/main.o
 .debug_macro   0x000158fc      0x4e4 ./src/stm32f4xx_hal_msp.o
 .debug_macro   0x00015de0      0x18e ./FreeRTOS/portable/MemMang/heap_4.o
 .debug_macro   0x00015f6e      0x168 ./FreeRTOS/portable/GCC/ARM_CM4F/port.o
 .debug_macro   0x000160d6      0x173 ./FreeRTOS/list.o
 .debug_macro   0x00016249      0x1f7 ./FreeRTOS/queue.o
 .debug_macro   0x00016440      0x254 ./FreeRTOS/tasks.o
 .debug_macro   0x00016694       0x10 ./FreeRTOS/tasks.o
